Nov  5 13:04:22 twiki puppet-agent[27170]: Finished catalog run in 16.29 seconds
Nov  5 13:34:23 twiki yum: Updated: goc-crls-20141105122802-1.noarch
Nov  5 13:34:23 twiki puppet-agent[30036]: (/Stage[main]/Packages::Goc-crls/Package[goc-crls]/ensure) ensure changed '20141105062802-1' to '0:20141105122802-1'
Nov  5 13:34:29 twiki puppet-agent[30036]: Finished catalog run in 21.73 seconds
Nov  5 14:02:47 twiki syslog-ng[2245]: Log statistics; dropped='tcp(syslog.goc:5145)=0', processed='center(queued)=28511', processed='center(received)=13212', processed='destination(d_boot)=0', processed='destination(d_auth)=7257', processed='destination(d_remote)=13212', processed='destination(d_cron)=2452', processed='destination(d_mlal)=0', processed='destination(d_kern)=2087', processed='destination(d_mesg)=2391', processed='destination(d_fw)=1097', processed='destination(d_cons)=0', processed='destination(d_spol)=0', processed='destination(d_mail)=15', processed='source(s_sys)=13212', suppressed='tcp(syslog.goc:5145)=0'
Nov  5 14:04:25 twiki puppet-agent[997]: Finished catalog run in 15.41 seconds
Nov  5 14:34:29 twiki puppet-agent[4522]: Finished catalog run in 19.93 seconds
Nov  5 15:02:47 twiki syslog-ng[2245]: Log statistics; dropped='tcp(syslog.goc:5145)=0', processed='center(queued)=28785', processed='center(received)=13349', processed='destination(d_boot)=0', processed='destination(d_auth)=7348', processed='destination(d_remote)=13349', processed='destination(d_cron)=2482', processed='destination(d_mlal)=0', processed='destination(d_kern)=2087', processed='destination(d_mesg)=2394', processed='destination(d_fw)=1110', processed='destination(d_cons)=0', processed='destination(d_spol)=0', processed='destination(d_mail)=15', processed='source(s_sys)=13349', suppressed='tcp(syslog.goc:5145)=0'
Nov  5 15:04:21 twiki puppet-agent[8281]: Finished catalog run in 15.52 seconds
Nov  5 15:34:22 twiki puppet-agent[11608]: Finished catalog run in 16.56 seconds
Nov  5 16:02:47 twiki syslog-ng[2245]: Log statistics; dropped='tcp(syslog.goc:5145)=0', processed='center(queued)=29047', processed='center(received)=13480', processed='destination(d_boot)=0', processed='destination(d_auth)=7441', processed='destination(d_remote)=13480', processed='destination(d_cron)=2510', processed='destination(d_mlal)=0', processed='destination(d_kern)=2087', processed='destination(d_mesg)=2397', processed='destination(d_fw)=1117', processed='destination(d_cons)=0', processed='destination(d_spol)=0', processed='destination(d_mail)=15', processed='source(s_sys)=13480', suppressed='tcp(syslog.goc:5145)=0'
Nov  5 16:04:25 twiki puppet-agent[14981]: Finished catalog run in 17.96 seconds
Nov  5 16:34:26 twiki puppet-agent[18376]: Finished catalog run in 16.42 seconds
Nov  5 17:02:47 twiki syslog-ng[2245]: Log statistics; dropped='tcp(syslog.goc:5145)=0', processed='center(queued)=29349', processed='center(received)=13631', processed='destination(d_boot)=0', processed='destination(d_auth)=7546', processed='destination(d_remote)=13631', processed='destination(d_cron)=2542', processed='destination(d_mlal)=0', processed='destination(d_kern)=2087', processed='destination(d_mesg)=2400', processed='destination(d_fw)=1128', processed='destination(d_cons)=0', processed='destination(d_spol)=0', processed='destination(d_mail)=15', processed='source(s_sys)=13631', suppressed='tcp(syslog.goc:5145)=0'
Nov  5 17:04:34 twiki puppet-agent[28091]: Finished catalog run in 25.18 seconds
Nov  5 17:27:46 twiki kernel: audispd invoked oom-killer: gfp_mask=0x201d2, order=0, oomkilladj=0
Nov  5 17:27:46 twiki kernel:
Nov  5 17:27:46 twiki kernel: Call Trace:
Nov  5 17:27:46 twiki kernel: [<ffffffff800cb641>] out_of_memory+0x8e/0x2f3
Nov  5 17:27:46 twiki kernel: [<ffffffff8000f6a2>] __alloc_pages+0x27f/0x308
Nov  5 17:27:46 twiki kernel: [<ffffffff80013085>] __do_page_cache_readahead+0x96/0x17b
Nov  5 17:27:46 twiki kernel: [<ffffffff800139c6>] filemap_nopage+0x14c/0x360
Nov  5 17:27:46 twiki kernel: [<ffffffff80008972>] __handle_mm_fault+0x1fd/0x103b
Nov  5 17:27:46 twiki kernel: [<ffffffff8000da6c>] inotify_dentry_parent_queue_event+0x85/0x8e
Nov  5 17:27:46 twiki kernel: [<ffffffff800671ae>] do_page_fault+0x499/0x842
Nov  5 17:27:48 twiki kernel: [<ffffffff8005ddf9>] error_exit+0x0/0x84
Nov  5 17:27:48 twiki kernel:
Nov  5 17:27:48 twiki kernel: Mem-info:
Nov  5 17:27:48 twiki kernel: Node 0 DMA per-cpu:
Nov  5 17:27:48 twiki kernel: cpu 0 hot: high 0, batch 1 used:0
Nov  5 17:27:48 twiki kernel: cpu 0 cold: high 0, batch 1 used:0
Nov  5 17:27:48 twiki kernel: Node 0 DMA32 per-cpu:
Nov  5 17:27:48 twiki kernel: cpu 0 hot: high 186, batch 31 used:83
Nov  5 17:27:48 twiki kernel: cpu 0 cold: high 62, batch 15 used:54
Nov  5 17:27:48 twiki kernel: Node 0 Normal per-cpu: empty
Nov  5 17:27:48 twiki kernel: Node 0 HighMem per-cpu: empty
Nov  5 17:27:48 twiki kernel: Free pages:        6948kB (0kB HighMem)
Nov  5 17:27:48 twiki kernel: Active:232893 inactive:0 dirty:0 writeback:0 unstable:0 free:1737 slab:6855 mapped-file:985 mapped-anon:232014 pagetables:9556
Nov  5 17:27:48 twiki kernel: Node 0 DMA free:2964kB min:36kB low:44kB high:52kB active:0kB inactive:0kB present:9668kB pages_scanned:0 all_unreclaimable? yes
Nov  5 17:27:48 twiki kernel: lowmem_reserve[]: 0 994 994 994
Nov  5 17:27:48 twiki kernel: Node 0 DMA32 free:3984kB min:4012kB low:5012kB high:6016kB active:931572kB inactive:0kB present:1018072kB pages_scanned:7965269 all_unreclaimable? yes
Nov  5 17:27:48 twiki kernel: lowmem_reserve[]: 0 0 0 0
Nov  5 17:27:48 twiki kernel: Node 0 Normal free:0kB min:0kB low:0kB high:0kB active:0kB inactive:0kB present:0kB pages_scanned:0 all_unreclaimable? no
Nov  5 17:27:48 twiki kernel: lowmem_reserve[]: 0 0 0 0
Nov  5 17:27:48 twiki kernel: Node 0 HighMem free:0kB min:128kB low:128kB high:128kB active:0kB inactive:0kB present:0kB pages_scanned:0 all_unreclaimable? no
Nov  5 17:27:48 twiki kernel: lowmem_reserve[]: 0 0 0 0
Nov  5 17:27:48 twiki kernel: Node 0 DMA: 5*4kB 4*8kB 4*16kB 3*32kB 3*64kB 2*128kB 1*256kB 0*512kB 2*1024kB 0*2048kB 0*4096kB = 2964kB
Nov  5 17:27:48 twiki kernel: Node 0 DMA32: 20*4kB 2*8kB 3*16kB 0*32kB 0*64kB 0*128kB 1*256kB 1*512kB 1*1024kB 1*2048kB 0*4096kB = 3984kB
Nov  5 17:27:48 twiki kernel: Node 0 Normal: empty
Nov  5 17:27:48 twiki kernel: Node 0 HighMem: empty
Nov  5 17:27:48 twiki kernel: 1195 pagecache pages
Nov  5 17:27:48 twiki kernel: Swap cache: add 0, delete 0, find 0/0, race 0+0
Nov  5 17:27:48 twiki kernel: Free swap  = 0kB
Nov  5 17:27:48 twiki kernel: Total swap = 0kB
Nov  5 17:27:48 twiki kernel: Free swap:            0kB
Nov  5 17:27:48 twiki kernel: 262141 pages of RAM
Nov  5 17:27:48 twiki kernel: 5616 reserved pages
Nov  5 17:27:48 twiki kernel: 70632 pages shared
Nov  5 17:27:48 twiki kernel: 0 pages swap cached
Nov  5 17:27:48 twiki kernel: Out of memory: Killed process 386, UID 48, (httpd).
Nov  5 17:28:04 twiki kernel: view invoked oom-killer: gfp_mask=0x201d2, order=0, oomkilladj=0
Nov  5 17:28:04 twiki kernel:
Nov  5 17:28:04 twiki kernel: Call Trace:
Nov  5 17:28:04 twiki kernel: [<ffffffff800cb641>] out_of_memory+0x8e/0x2f3
Nov  5 17:28:04 twiki kernel: [<ffffffff8000f6a2>] __alloc_pages+0x27f/0x308
Nov  5 17:28:04 twiki kernel: [<ffffffff80013085>] __do_page_cache_readahead+0x96/0x17b
Nov  5 17:28:04 twiki kernel: [<ffffffff800139c6>] filemap_nopage+0x14c/0x360
Nov  5 17:28:04 twiki kernel: [<ffffffff80008972>] __handle_mm_fault+0x1fd/0x103b
Nov  5 17:28:04 twiki kernel: [<ffffffff8000cf68>] do_sync_read+0xc7/0x104
Nov  5 17:28:04 twiki kernel: [<ffffffff800671ae>] do_page_fault+0x499/0x842
Nov  5 17:28:05 twiki kernel: [<ffffffff800a3fa2>] autoremove_wake_function+0x0/0x2e
Nov  5 17:28:05 twiki kernel: [<ffffffff800624c6>] __sched_text_start+0xf6/0xbd0
Nov  5 17:28:05 twiki kernel: [<ffffffff8000c795>] _atomic_dec_and_lock+0x39/0x57
Nov  5 17:28:05 twiki kernel: [<ffffffff8005ddf9>] error_exit+0x0/0x84
Nov  5 17:28:05 twiki kernel:
Nov  5 17:28:05 twiki kernel: Mem-info:
Nov  5 17:28:05 twiki kernel: Node 0 DMA per-cpu:
Nov  5 17:28:05 twiki kernel: cpu 0 hot: high 0, batch 1 used:0
Nov  5 17:28:05 twiki kernel: cpu 0 cold: high 0, batch 1 used:0
Nov  5 17:28:05 twiki kernel: Node 0 DMA32 per-cpu:
Nov  5 17:28:05 twiki kernel: cpu 0 hot: high 186, batch 31 used:159
Nov  5 17:28:05 twiki kernel: cpu 0 cold: high 62, batch 15 used:14
Nov  5 17:28:05 twiki kernel: Node 0 Normal per-cpu: empty
Nov  5 17:28:05 twiki kernel: Node 0 HighMem per-cpu: empty
Nov  5 17:28:05 twiki kernel: Free pages:        6936kB (0kB HighMem)
Nov  5 17:28:05 twiki kernel: Active:233498 inactive:1215 dirty:0 writeback:0 unstable:0 free:1734 slab:5422 mapped-file:982 mapped-anon:233774 pagetables:9201
Nov  5 17:28:05 twiki kernel: Node 0 DMA free:2964kB min:36kB low:44kB high:52kB active:0kB inactive:0kB present:9668kB pages_scanned:0 all_unreclaimable? yes
Nov  5 17:28:05 twiki kernel: lowmem_reserve[]: 0 994 994 994
Nov  5 17:28:05 twiki kernel: Node 0 DMA32 free:3972kB min:4012kB low:5012kB high:6016kB active:933992kB inactive:4860kB present:1018072kB pages_scanned:2141791 all_unreclaimable? yes
Nov  5 17:28:05 twiki kernel: lowmem_reserve[]: 0 0 0 0
Nov  5 17:28:05 twiki kernel: Node 0 Normal free:0kB min:0kB low:0kB high:0kB active:0kB inactive:0kB present:0kB pages_scanned:0 all_unreclaimable? no
Nov  5 17:28:05 twiki kernel: lowmem_reserve[]: 0 0 0 0
Nov  5 17:28:05 twiki kernel: Node 0 HighMem free:0kB min:128kB low:128kB high:128kB active:0kB inactive:0kB present:0kB pages_scanned:0 all_unreclaimable? no
Nov  5 17:28:05 twiki kernel: lowmem_reserve[]: 0 0 0 0
Nov  5 17:28:05 twiki kernel: Node 0 DMA: 5*4kB 4*8kB 4*16kB 3*32kB 3*64kB 2*128kB 1*256kB 0*512kB 2*1024kB 0*2048kB 0*4096kB = 2964kB
Nov  5 17:28:05 twiki kernel: Node 0 DMA32: 13*4kB 4*8kB 3*16kB 0*32kB 0*64kB 0*128kB 1*256kB 1*512kB 1*1024kB 1*2048kB 0*4096kB = 3972kB
Nov  5 17:28:05 twiki kernel: Node 0 Normal: empty
Nov  5 17:28:05 twiki kernel: Node 0 HighMem: empty
Nov  5 17:28:05 twiki kernel: 1231 pagecache pages
Nov  5 17:28:05 twiki kernel: Swap cache: add 0, delete 0, find 0/0, race 0+0
Nov  5 17:28:05 twiki kernel: Free swap  = 0kB
Nov  5 17:28:05 twiki kernel: Total swap = 0kB
Nov  5 17:28:05 twiki kernel: Free swap:            0kB
Nov  5 17:28:05 twiki kernel: 262141 pages of RAM
Nov  5 17:28:05 twiki kernel: 5616 reserved pages
Nov  5 17:28:05 twiki kernel: 68046 pages shared
Nov  5 17:28:05 twiki kernel: 0 pages swap cached
Nov  5 17:28:05 twiki kernel: Out of memory: Killed process 32380, UID 48, (view).
Nov  5 17:28:17 twiki kernel: mysqld invoked oom-killer: gfp_mask=0x201d2, order=0, oomkilladj=0
Nov  5 17:28:17 twiki kernel:
Nov  5 17:28:17 twiki kernel: Call Trace:
Nov  5 17:28:17 twiki kernel: [<ffffffff800cb641>] out_of_memory+0x8e/0x2f3
Nov  5 17:28:17 twiki kernel: [<ffffffff8000f6a2>] __alloc_pages+0x27f/0x308
Nov  5 17:28:17 twiki kernel: [<ffffffff80013085>] __do_page_cache_readahead+0x96/0x17b
Nov  5 17:28:17 twiki kernel: [<ffffffff800139c6>] filemap_nopage+0x14c/0x360
Nov  5 17:28:17 twiki kernel: [<ffffffff80008972>] __handle_mm_fault+0x1fd/0x103b
Nov  5 17:28:17 twiki kernel: [<ffffffff800671ae>] do_page_fault+0x499/0x842
Nov  5 17:28:17 twiki kernel: [<ffffffff800624c6>] __sched_text_start+0xf6/0xbd0
Nov  5 17:28:17 twiki kernel: [<ffffffff8005ddf9>] error_exit+0x0/0x84
Nov  5 17:28:17 twiki kernel:
Nov  5 17:28:17 twiki kernel: Mem-info:
Nov  5 17:28:17 twiki kernel: Node 0 DMA per-cpu:
Nov  5 17:28:17 twiki kernel: cpu 0 hot: high 0, batch 1 used:0
Nov  5 17:28:17 twiki kernel: cpu 0 cold: high 0, batch 1 used:0
Nov  5 17:28:17 twiki kernel: Node 0 DMA32 per-cpu:
Nov  5 17:28:17 twiki kernel: cpu 0 hot: high 186, batch 31 used:96
Nov  5 17:28:17 twiki kernel: cpu 0 cold: high 62, batch 15 used:14
Nov  5 17:28:17 twiki kernel: Node 0 Normal per-cpu: empty
Nov  5 17:28:17 twiki kernel: Node 0 HighMem per-cpu: empty
Nov  5 17:28:17 twiki kernel: Free pages:        6932kB (0kB HighMem)
Nov  5 17:28:17 twiki kernel: Active:233401 inactive:791 dirty:0 writeback:0 unstable:0 free:1733 slab:5605 mapped-file:987 mapped-anon:233270 pagetables:9672
Nov  5 17:28:17 twiki kernel: Node 0 DMA free:2964kB min:36kB low:44kB high:52kB active:0kB inactive:0kB present:9668kB pages_scanned:0 all_unreclaimable? yes
Nov  5 17:28:17 twiki kernel: lowmem_reserve[]: 0 994 994 994
Nov  5 17:28:17 twiki kernel: Node 0 DMA32 free:3968kB min:4012kB low:5012kB high:6016kB active:933604kB inactive:3164kB present:1018072kB pages_scanned:2812939 all_unreclaimable? yes
Nov  5 17:28:17 twiki kernel: lowmem_reserve[]: 0 0 0 0
Nov  5 17:28:17 twiki kernel: Node 0 Normal free:0kB min:0kB low:0kB high:0kB active:0kB inactive:0kB present:0kB pages_scanned:0 all_unreclaimable? no
Nov  5 17:28:17 twiki kernel: lowmem_reserve[]: 0 0 0 0
Nov  5 17:28:17 twiki kernel: Node 0 HighMem free:0kB min:128kB low:128kB high:128kB active:0kB inactive:0kB present:0kB pages_scanned:0 all_unreclaimable? no
Nov  5 17:28:17 twiki kernel: lowmem_reserve[]: 0 0 0 0
Nov  5 17:28:17 twiki kernel: Node 0 DMA: 5*4kB 4*8kB 4*16kB 3*32kB 3*64kB 2*128kB 1*256kB 0*512kB 2*1024kB 0*2048kB 0*4096kB = 2964kB
Nov  5 17:28:17 twiki kernel: Node 0 DMA32: 14*4kB 3*8kB 1*16kB 1*32kB 0*64kB 0*128kB 1*256kB 1*512kB 1*1024kB 1*2048kB 0*4096kB = 3968kB
Nov  5 17:28:17 twiki kernel: Node 0 Normal: empty
Nov  5 17:28:17 twiki kernel: Node 0 HighMem: empty
Nov  5 17:28:17 twiki kernel: 1248 pagecache pages
Nov  5 17:28:17 twiki kernel: Swap cache: add 0, delete 0, find 0/0, race 0+0
Nov  5 17:28:17 twiki kernel: Free swap  = 0kB
Nov  5 17:28:17 twiki kernel: Total swap = 0kB
Nov  5 17:28:17 twiki kernel: Free swap:            0kB
Nov  5 17:28:17 twiki kernel: 262141 pages of RAM
Nov  5 17:28:17 twiki kernel: 5616 reserved pages
Nov  5 17:28:17 twiki kernel: 69412 pages shared
Nov  5 17:28:17 twiki kernel: 0 pages swap cached
Nov  5 17:28:17 twiki kernel: Out of memory: Killed process 32383, UID 48, (view).
Nov  5 17:28:26 twiki kernel: mysqld invoked oom-killer: gfp_mask=0x201d2, order=0, oomkilladj=0
Nov  5 17:28:26 twiki kernel:
Nov  5 17:28:26 twiki kernel: Call Trace:
Nov  5 17:28:26 twiki kernel: [<ffffffff800cb641>] out_of_memory+0x8e/0x2f3
Nov  5 17:28:26 twiki kernel: [<ffffffff8000f6a2>] __alloc_pages+0x27f/0x308
Nov  5 17:28:26 twiki kernel: [<ffffffff80013085>] __do_page_cache_readahead+0x96/0x17b
Nov  5 17:28:26 twiki kernel: [<ffffffff800139c6>] filemap_nopage+0x14c/0x360
Nov  5 17:28:26 twiki kernel: [<ffffffff80008972>] __handle_mm_fault+0x1fd/0x103b
Nov  5 17:28:26 twiki kernel: [<ffffffff8000ec5a>] find_get_pages_tag+0x34/0x89
Nov  5 17:28:26 twiki kernel: [<ffffffff800671ae>] do_page_fault+0x499/0x842
Nov  5 17:28:26 twiki kernel: [<ffffffff80063002>] thread_return+0x62/0xfe
Nov  5 17:28:26 twiki kernel: [<ffffffff8005ddf9>] error_exit+0x0/0x84
Nov  5 17:28:26 twiki kernel:
Nov  5 17:28:26 twiki kernel: Mem-info:
Nov  5 17:28:26 twiki kernel: Node 0 DMA per-cpu:
Nov  5 17:28:26 twiki kernel: cpu 0 hot: high 0, batch 1 used:0
Nov  5 17:28:26 twiki kernel: cpu 0 cold: high 0, batch 1 used:0
Nov  5 17:28:26 twiki kernel: Node 0 DMA32 per-cpu:
Nov  5 17:28:26 twiki kernel: cpu 0 hot: high 186, batch 31 used:160
Nov  5 17:28:26 twiki kernel: cpu 0 cold: high 62, batch 15 used:14
Nov  5 17:28:26 twiki kernel: Node 0 Normal per-cpu: empty
Nov  5 17:28:26 twiki kernel: Node 0 HighMem per-cpu: empty
Nov  5 17:28:26 twiki kernel: Free pages:        6972kB (0kB HighMem)
Nov  5 17:28:26 twiki kernel: Active:233250 inactive:1326 dirty:0 writeback:0 unstable:0 free:1743 slab:5273 mapped-file:992 mapped-anon:233343 pagetables:9632
Nov  5 17:28:26 twiki kernel: Node 0 DMA free:2964kB min:36kB low:44kB high:52kB active:0kB inactive:0kB present:9668kB pages_scanned:0 all_unreclaimable? yes
Nov  5 17:28:26 twiki kernel: lowmem_reserve[]: 0 994 994 994
Nov  5 17:28:26 twiki kernel: Node 0 DMA32 free:4008kB min:4012kB low:5012kB high:6016kB active:933000kB inactive:5304kB present:1018072kB pages_scanned:1983221 all_unreclaimable? yes
Nov  5 17:28:26 twiki kernel: lowmem_reserve[]: 0 0 0 0
Nov  5 17:28:26 twiki kernel: Node 0 Normal free:0kB min:0kB low:0kB high:0kB active:0kB inactive:0kB present:0kB pages_scanned:0 all_unreclaimable? no
Nov  5 17:28:26 twiki kernel: lowmem_reserve[]: 0 0 0 0
Nov  5 17:28:26 twiki kernel: Node 0 HighMem free:0kB min:128kB low:128kB high:128kB active:0kB inactive:0kB present:0kB pages_scanned:0 all_unreclaimable? no
Nov  5 17:28:26 twiki kernel: lowmem_reserve[]: 0 0 0 0
Nov  5 17:28:26 twiki kernel: Node 0 DMA: 5*4kB 4*8kB 4*16kB 3*32kB 3*64kB 2*128kB 1*256kB 0*512kB 2*1024kB 0*2048kB 0*4096kB = 2964kB
Nov  5 17:28:26 twiki kernel: Node 0 DMA32: 0*4kB 5*8kB 4*16kB 2*32kB 0*64kB 0*128kB 1*256kB 1*512kB 1*1024kB 1*2048kB 0*4096kB = 4008kB
Nov  5 17:28:26 twiki kernel: Node 0 Normal: empty
Nov  5 17:28:26 twiki kernel: Node 0 HighMem: empty
Nov  5 17:28:26 twiki kernel: 1330 pagecache pages
Nov  5 17:28:26 twiki kernel: Swap cache: add 0, delete 0, find 0/0, race 0+0
Nov  5 17:28:26 twiki kernel: Free swap  = 0kB
Nov  5 17:28:26 twiki kernel: Total swap = 0kB
Nov  5 17:28:26 twiki kernel: Free swap:            0kB
Nov  5 17:28:26 twiki kernel: 262141 pages of RAM
Nov  5 17:28:26 twiki kernel: 5616 reserved pages
Nov  5 17:28:26 twiki kernel: 69195 pages shared
Nov  5 17:28:26 twiki kernel: 0 pages swap cached
Nov  5 17:28:26 twiki kernel: Out of memory: Killed process 32429, UID 48, (view).
Nov  5 17:28:38 twiki kernel: mysqld invoked oom-killer: gfp_mask=0x201d2, order=0, oomkilladj=0
Nov  5 17:28:38 twiki kernel:
Nov  5 17:28:38 twiki kernel: Call Trace:
Nov  5 17:28:38 twiki kernel: [<ffffffff800cb641>] out_of_memory+0x8e/0x2f3
Nov  5 17:28:38 twiki kernel: [<ffffffff8000f6a2>] __alloc_pages+0x27f/0x308
Nov  5 17:28:38 twiki kernel: [<ffffffff80013085>] __do_page_cache_readahead+0x96/0x17b
Nov  5 17:28:38 twiki kernel: [<ffffffff800139c6>] filemap_nopage+0x14c/0x360
Nov  5 17:28:38 twiki kernel: [<ffffffff80008972>] __handle_mm_fault+0x1fd/0x103b
Nov  5 17:28:38 twiki kernel: [<ffffffff8000ec5a>] find_get_pages_tag+0x34/0x89
Nov  5 17:28:38 twiki kernel: [<ffffffff800671ae>] do_page_fault+0x499/0x842
Nov  5 17:28:38 twiki kernel: [<ffffffff80063002>] thread_return+0x62/0xfe
Nov  5 17:28:38 twiki kernel: [<ffffffff8005ddf9>] error_exit+0x0/0x84
Nov  5 17:28:38 twiki kernel:
Nov  5 17:28:38 twiki kernel: Mem-info:
Nov  5 17:28:38 twiki kernel: Node 0 DMA per-cpu:
Nov  5 17:28:38 twiki kernel: cpu 0 hot: high 0, batch 1 used:0
Nov  5 17:28:38 twiki kernel: cpu 0 cold: high 0, batch 1 used:0
Nov  5 17:28:38 twiki kernel: Node 0 DMA32 per-cpu:
Nov  5 17:28:38 twiki kernel: cpu 0 hot: high 186, batch 31 used:162
Nov  5 17:28:38 twiki kernel: cpu 0 cold: high 62, batch 15 used:59
Nov  5 17:28:38 twiki kernel: Node 0 Normal per-cpu: empty
Nov  5 17:28:38 twiki kernel: Node 0 HighMem per-cpu: empty
Nov  5 17:28:38 twiki kernel: Free pages:        6936kB (0kB HighMem)
Nov  5 17:28:38 twiki kernel: Active:233752 inactive:653 dirty:0 writeback:0 unstable:0 free:1734 slab:5095 mapped-file:990 mapped-anon:233513 pagetables:9586
Nov  5 17:28:38 twiki kernel: Node 0 DMA free:2964kB min:36kB low:44kB high:52kB active:0kB inactive:0kB present:9668kB pages_scanned:0 all_unreclaimable? yes
Nov  5 17:28:38 twiki kernel: lowmem_reserve[]: 0 994 994 994
Nov  5 17:28:38 twiki kernel: Node 0 DMA32 free:3972kB min:4012kB low:5012kB high:6016kB active:935008kB inactive:2612kB present:1018072kB pages_scanned:1932760 all_unreclaimable? yes
Nov  5 17:28:38 twiki kernel: lowmem_reserve[]: 0 0 0 0
Nov  5 17:28:38 twiki kernel: Node 0 Normal free:0kB min:0kB low:0kB high:0kB active:0kB inactive:0kB present:0kB pages_scanned:0 all_unreclaimable? no
Nov  5 17:28:38 twiki kernel: lowmem_reserve[]: 0 0 0 0
Nov  5 17:28:38 twiki kernel: Node 0 HighMem free:0kB min:128kB low:128kB high:128kB active:0kB inactive:0kB present:0kB pages_scanned:0 all_unreclaimable? no
Nov  5 17:28:38 twiki kernel: lowmem_reserve[]: 0 0 0 0
Nov  5 17:28:38 twiki kernel: Node 0 DMA: 5*4kB 4*8kB 4*16kB 3*32kB 3*64kB 2*128kB 1*256kB 0*512kB 2*1024kB 0*2048kB 0*4096kB = 2964kB
Nov  5 17:28:38 twiki kernel: Node 0 DMA32: 1*4kB 0*8kB 6*16kB 1*32kB 0*64kB 0*128kB 1*256kB 1*512kB 1*1024kB 1*2048kB 0*4096kB = 3972kB
Nov  5 17:28:38 twiki kernel: Node 0 Normal: empty
Nov  5 17:28:38 twiki kernel: Node 0 HighMem: empty
Nov  5 17:28:38 twiki kernel: 1181 pagecache pages
Nov  5 17:28:38 twiki kernel: Swap cache: add 0, delete 0, find 0/0, race 0+0
Nov  5 17:28:38 twiki kernel: Free swap  = 0kB
Nov  5 17:28:38 twiki kernel: Total swap = 0kB
Nov  5 17:28:38 twiki kernel: Free swap:            0kB
Nov  5 17:28:38 twiki kernel: 262141 pages of RAM
Nov  5 17:28:38 twiki kernel: 5616 reserved pages
Nov  5 17:28:38 twiki kernel: 69467 pages shared
Nov  5 17:28:38 twiki kernel: 0 pages swap cached
Nov  5 17:28:38 twiki kernel: Out of memory: Killed process 32449, UID 48, (view).
Nov  5 17:28:50 twiki kernel: httpd invoked oom-killer: gfp_mask=0x201d2, order=0, oomkilladj=0
Nov  5 17:28:50 twiki kernel:
Nov  5 17:28:50 twiki kernel: Call Trace:
Nov  5 17:28:50 twiki kernel: [<ffffffff800cb641>] out_of_memory+0x8e/0x2f3
Nov  5 17:28:50 twiki kernel: [<ffffffff8000f6a2>] __alloc_pages+0x27f/0x308
Nov  5 17:28:50 twiki kernel: [<ffffffff80013085>] __do_page_cache_readahead+0x96/0x17b
Nov  5 17:28:50 twiki kernel: [<ffffffff800139c6>] filemap_nopage+0x14c/0x360
Nov  5 17:28:50 twiki kernel: [<ffffffff80008972>] __handle_mm_fault+0x1fd/0x103b
Nov  5 17:28:50 twiki kernel: [<ffffffff800310fd>] release_sock+0x13/0xbe
Nov  5 17:28:50 twiki kernel: [<ffffffff8000cf68>] do_sync_read+0xc7/0x104
Nov  5 17:28:51 twiki kernel: [<ffffffff800671ae>] do_page_fault+0x499/0x842
Nov  5 17:28:51 twiki kernel: [<ffffffff800624c6>] __sched_text_start+0xf6/0xbd0
Nov  5 17:28:51 twiki kernel: [<ffffffff8005ddf9>] error_exit+0x0/0x84
Nov  5 17:28:51 twiki kernel:
Nov  5 17:28:51 twiki kernel: Mem-info:
Nov  5 17:28:51 twiki kernel: Node 0 DMA per-cpu:
Nov  5 17:28:51 twiki kernel: cpu 0 hot: high 0, batch 1 used:0
Nov  5 17:28:51 twiki kernel: cpu 0 cold: high 0, batch 1 used:0
Nov  5 17:28:51 twiki kernel: Node 0 DMA32 per-cpu:
Nov  5 17:28:51 twiki kernel: cpu 0 hot: high 186, batch 31 used:62
Nov  5 17:28:51 twiki kernel: cpu 0 cold: high 62, batch 15 used:19
Nov  5 17:28:51 twiki kernel: Node 0 Normal per-cpu: empty
Nov  5 17:28:51 twiki kernel: Node 0 HighMem per-cpu: empty
Nov  5 17:28:51 twiki kernel: Free pages:        7008kB (0kB HighMem)
Nov  5 17:28:51 twiki kernel: Active:233113 inactive:1152 dirty:0 writeback:0 unstable:0 free:1752 slab:5124 mapped-file:994 mapped-anon:233332 pagetables:9828
Nov  5 17:28:51 twiki kernel: Node 0 DMA free:2964kB min:36kB low:44kB high:52kB active:0kB inactive:0kB present:9668kB pages_scanned:0 all_unreclaimable? yes
Nov  5 17:28:51 twiki kernel: lowmem_reserve[]: 0 994 994 994
Nov  5 17:28:51 twiki kernel: Node 0 DMA32 free:4044kB min:4012kB low:5012kB high:6016kB active:932452kB inactive:4608kB present:1018072kB pages_scanned:2277624 all_unreclaimable? yes
Nov  5 17:28:51 twiki kernel: lowmem_reserve[]: 0 0 0 0
Nov  5 17:28:51 twiki kernel: Node 0 Normal free:0kB min:0kB low:0kB high:0kB active:0kB inactive:0kB present:0kB pages_scanned:0 all_unreclaimable? no
Nov  5 17:28:51 twiki kernel: lowmem_reserve[]: 0 0 0 0
Nov  5 17:28:51 twiki kernel: Node 0 HighMem free:0kB min:128kB low:128kB high:128kB active:0kB inactive:0kB present:0kB pages_scanned:0 all_unreclaimable? no
Nov  5 17:28:51 twiki kernel: lowmem_reserve[]: 0 0 0 0
Nov  5 17:28:51 twiki kernel: Node 0 DMA: 5*4kB 4*8kB 4*16kB 3*32kB 3*64kB 2*128kB 1*256kB 0*512kB 2*1024kB 0*2048kB 0*4096kB = 2964kB
Nov  5 17:28:51 twiki kernel: Node 0 DMA32: 13*4kB 11*8kB 2*16kB 1*32kB 0*64kB 0*128kB 1*256kB 1*512kB 1*1024kB 1*2048kB 0*4096kB = 4044kB
Nov  5 17:28:51 twiki kernel: Node 0 Normal: empty
Nov  5 17:28:51 twiki kernel: Node 0 HighMem: empty
Nov  5 17:28:51 twiki kernel: 1209 pagecache pages
Nov  5 17:28:51 twiki kernel: Swap cache: add 0, delete 0, find 0/0, race 0+0
Nov  5 17:28:51 twiki kernel: Free swap  = 0kB
Nov  5 17:28:51 twiki kernel: Total swap = 0kB
Nov  5 17:28:51 twiki kernel: Free swap:            0kB
Nov  5 17:28:51 twiki kernel: 262141 pages of RAM
Nov  5 17:28:51 twiki kernel: 5616 reserved pages
Nov  5 17:28:51 twiki kernel: 72002 pages shared
Nov  5 17:28:51 twiki kernel: 0 pages swap cached
Nov  5 17:28:51 twiki kernel: Out of memory: Killed process 489, UID 48, (httpd).
Nov  5 17:28:51 twiki kernel: audispd invoked oom-killer: gfp_mask=0x201d2, order=0, oomkilladj=0
Nov  5 17:28:51 twiki kernel:
Nov  5 17:28:51 twiki kernel: Call Trace:
Nov  5 17:28:51 twiki kernel: [<ffffffff800cb641>] out_of_memory+0x8e/0x2f3
Nov  5 17:28:51 twiki kernel: [<ffffffff8000f6a2>] __alloc_pages+0x27f/0x308
Nov  5 17:28:51 twiki kernel: [<ffffffff80013085>] __do_page_cache_readahead+0x96/0x17b
Nov  5 17:28:51 twiki kernel: [<ffffffff800139c6>] filemap_nopage+0x14c/0x360
Nov  5 17:28:51 twiki kernel: [<ffffffff80008972>] __handle_mm_fault+0x1fd/0x103b
Nov  5 17:28:51 twiki kernel: [<ffffffff8000da6c>] inotify_dentry_parent_queue_event+0x85/0x8e
Nov  5 17:28:51 twiki kernel: [<ffffffff800671ae>] do_page_fault+0x499/0x842
Nov  5 17:28:51 twiki kernel: [<ffffffff8005ddf9>] error_exit+0x0/0x84
Nov  5 17:28:51 twiki kernel:
Nov  5 17:28:51 twiki kernel: Mem-info:
Nov  5 17:28:51 twiki kernel: Node 0 DMA per-cpu:
Nov  5 17:28:51 twiki kernel: cpu 0 hot: high 0, batch 1 used:0
Nov  5 17:28:51 twiki kernel: cpu 0 cold: high 0, batch 1 used:0
Nov  5 17:28:51 twiki kernel: Node 0 DMA32 per-cpu:
Nov  5 17:28:51 twiki kernel: cpu 0 hot: high 186, batch 31 used:104
Nov  5 17:28:51 twiki kernel: cpu 0 cold: high 62, batch 15 used:50
Nov  5 17:28:51 twiki kernel: Node 0 Normal per-cpu: empty
Nov  5 17:28:51 twiki kernel: Node 0 HighMem per-cpu: empty
Nov  5 17:28:51 twiki kernel: Free pages:        6948kB (0kB HighMem)
Nov  5 17:28:51 twiki kernel: Active:234111 inactive:32 dirty:0 writeback:0 unstable:0 free:1737 slab:5089 mapped-file:986 mapped-anon:233337 pagetables:9828
Nov  5 17:28:51 twiki kernel: Node 0 DMA free:2964kB min:36kB low:44kB high:52kB active:0kB inactive:0kB present:9668kB pages_scanned:0 all_unreclaimable? yes
Nov  5 17:28:51 twiki kernel: lowmem_reserve[]: 0 994 994 994
Nov  5 17:28:51 twiki kernel: Node 0 DMA32 free:3984kB min:4012kB low:5012kB high:6016kB active:936444kB inactive:128kB present:1018072kB pages_scanned:29138065 all_unreclaimable? yes
Nov  5 17:28:51 twiki kernel: lowmem_reserve[]: 0 0 0 0
Nov  5 17:28:51 twiki kernel: Node 0 Normal free:0kB min:0kB low:0kB high:0kB active:0kB inactive:0kB present:0kB pages_scanned:0 all_unreclaimable? no
Nov  5 17:28:51 twiki kernel: lowmem_reserve[]: 0 0 0 0
Nov  5 17:28:51 twiki kernel: Node 0 HighMem free:0kB min:128kB low:128kB high:128kB active:0kB inactive:0kB present:0kB pages_scanned:0 all_unreclaimable? no
Nov  5 17:28:51 twiki kernel: lowmem_reserve[]: 0 0 0 0
Nov  5 17:28:51 twiki kernel: Node 0 DMA: 5*4kB 4*8kB 4*16kB 3*32kB 3*64kB 2*128kB 1*256kB 0*512kB 2*1024kB 0*2048kB 0*4096kB = 2964kB
Nov  5 17:28:51 twiki kernel: Node 0 DMA32: 0*4kB 10*8kB 2*16kB 1*32kB 0*64kB 0*128kB 1*256kB 1*512kB 1*1024kB 1*2048kB 0*4096kB = 3984kB
Nov  5 17:28:51 twiki kernel: Node 0 Normal: empty
Nov  5 17:28:51 twiki kernel: Node 0 HighMem: empty
Nov  5 17:28:51 twiki kernel: 1201 pagecache pages
Nov  5 17:28:51 twiki kernel: Swap cache: add 0, delete 0, find 0/0, race 0+0
Nov  5 17:28:51 twiki kernel: Free swap  = 0kB
Nov  5 17:28:51 twiki kernel: Total swap = 0kB
Nov  5 17:28:51 twiki kernel: Free swap:            0kB
Nov  5 17:28:51 twiki kernel: 262141 pages of RAM
Nov  5 17:28:51 twiki kernel: 5616 reserved pages
Nov  5 17:28:51 twiki kernel: 72104 pages shared
Nov  5 17:28:51 twiki kernel: 0 pages swap cached
Nov  5 17:29:13 twiki kernel: mysqld invoked oom-killer: gfp_mask=0x201d2, order=0, oomkilladj=0
Nov  5 17:29:14 twiki kernel:
Nov  5 17:29:14 twiki kernel: Call Trace:
Nov  5 17:29:14 twiki kernel: [<ffffffff800cb641>] out_of_memory+0x8e/0x2f3
Nov  5 17:29:14 twiki kernel: [<ffffffff8000f6a2>] __alloc_pages+0x27f/0x308
Nov  5 17:29:14 twiki kernel: [<ffffffff80013085>] __do_page_cache_readahead+0x96/0x17b
Nov  5 17:29:14 twiki kernel: [<ffffffff800139c6>] filemap_nopage+0x14c/0x360
Nov  5 17:29:14 twiki kernel: [<ffffffff80008972>] __handle_mm_fault+0x1fd/0x103b
Nov  5 17:29:14 twiki kernel: [<ffffffff800671ae>] do_page_fault+0x499/0x842
Nov  5 17:29:14 twiki kernel: [<ffffffff80063002>] thread_return+0x62/0xfe
Nov  5 17:29:14 twiki kernel: [<ffffffff8005ddf9>] error_exit+0x0/0x84
Nov  5 17:29:14 twiki kernel:
Nov  5 17:29:14 twiki kernel: Mem-info:
Nov  5 17:29:14 twiki kernel: Node 0 DMA per-cpu:
Nov  5 17:29:14 twiki kernel: cpu 0 hot: high 0, batch 1 used:0
Nov  5 17:29:14 twiki kernel: cpu 0 cold: high 0, batch 1 used:0
Nov  5 17:29:14 twiki kernel: Node 0 DMA32 per-cpu:
Nov  5 17:29:14 twiki kernel: cpu 0 hot: high 186, batch 31 used:49
Nov  5 17:29:14 twiki kernel: cpu 0 cold: high 62, batch 15 used:53
Nov  5 17:29:14 twiki kernel: Node 0 Normal per-cpu: empty
Nov  5 17:29:14 twiki kernel: Node 0 HighMem per-cpu: empty
Nov  5 17:29:14 twiki kernel: Free pages:        6932kB (0kB HighMem)
Nov  5 17:29:14 twiki kernel: Active:233130 inactive:1148 dirty:0 writeback:0 unstable:0 free:1733 slab:5061 mapped-file:983 mapped-anon:233356 pagetables:9890
Nov  5 17:29:14 twiki kernel: Node 0 DMA free:2964kB min:36kB low:44kB high:52kB active:0kB inactive:0kB present:9668kB pages_scanned:0 all_unreclaimable? yes
Nov  5 17:29:14 twiki kernel: lowmem_reserve[]: 0 994 994 994
Nov  5 17:29:14 twiki kernel: Node 0 DMA32 free:3968kB min:4012kB low:5012kB high:6016kB active:932520kB inactive:4592kB present:1018072kB pages_scanned:2300624 all_unreclaimable? yes
Nov  5 17:29:14 twiki kernel: lowmem_reserve[]: 0 0 0 0
Nov  5 17:29:14 twiki kernel: Node 0 Normal free:0kB min:0kB low:0kB high:0kB active:0kB inactive:0kB present:0kB pages_scanned:0 all_unreclaimable? no
Nov  5 17:29:14 twiki kernel: lowmem_reserve[]: 0 0 0 0
Nov  5 17:29:14 twiki kernel: Node 0 HighMem free:0kB min:128kB low:128kB high:128kB active:0kB inactive:0kB present:0kB pages_scanned:0 all_unreclaimable? no
Nov  5 17:29:14 twiki kernel: lowmem_reserve[]: 0 0 0 0
Nov  5 17:29:14 twiki kernel: Node 0 DMA: 5*4kB 4*8kB 4*16kB 3*32kB 3*64kB 2*128kB 1*256kB 0*512kB 2*1024kB 0*2048kB 0*4096kB = 2964kB
Nov  5 17:29:14 twiki kernel: Node 0 DMA32: 0*4kB 6*8kB 3*16kB 1*32kB 0*64kB 0*128kB 1*256kB 1*512kB 1*1024kB 1*2048kB 0*4096kB = 3968kB
Nov  5 17:29:14 twiki kernel: Node 0 Normal: empty
Nov  5 17:29:14 twiki kernel: Node 0 HighMem: empty
Nov  5 17:29:14 twiki kernel: 1182 pagecache pages
Nov  5 17:29:14 twiki kernel: Swap cache: add 0, delete 0, find 0/0, race 0+0
Nov  5 17:29:14 twiki kernel: Free swap  = 0kB
Nov  5 17:29:14 twiki kernel: Total swap = 0kB
Nov  5 17:29:14 twiki kernel: Free swap:            0kB
Nov  5 17:29:14 twiki kernel: 262141 pages of RAM
Nov  5 17:29:14 twiki kernel: 5616 reserved pages
Nov  5 17:29:14 twiki kernel: 72110 pages shared
Nov  5 17:29:14 twiki kernel: 0 pages swap cached
Nov  5 17:29:14 twiki kernel: Out of memory: Killed process 32570, UID 48, (view).
Nov  5 17:29:14 twiki kernel: mysqld invoked oom-killer: gfp_mask=0x201d2, order=0, oomkilladj=0
Nov  5 17:29:14 twiki kernel:
Nov  5 17:29:14 twiki kernel: Call Trace:
Nov  5 17:29:14 twiki kernel: [<ffffffff800cb641>] out_of_memory+0x8e/0x2f3
Nov  5 17:29:14 twiki kernel: [<ffffffff8000f6a2>] __alloc_pages+0x27f/0x308
Nov  5 17:29:14 twiki kernel: [<ffffffff80013085>] __do_page_cache_readahead+0x96/0x17b
Nov  5 17:29:14 twiki kernel: [<ffffffff800139c6>] filemap_nopage+0x14c/0x360
Nov  5 17:29:14 twiki kernel: [<ffffffff80008972>] __handle_mm_fault+0x1fd/0x103b
Nov  5 17:29:14 twiki kernel: [<ffffffff800671ae>] do_page_fault+0x499/0x842
Nov  5 17:29:14 twiki kernel: [<ffffffff80063002>] thread_return+0x62/0xfe
Nov  5 17:29:14 twiki kernel: [<ffffffff8005ddf9>] error_exit+0x0/0x84
Nov  5 17:29:14 twiki kernel:
Nov  5 17:29:14 twiki kernel: Mem-info:
Nov  5 17:29:14 twiki kernel: Node 0 DMA per-cpu:
Nov  5 17:29:14 twiki kernel: cpu 0 hot: high 0, batch 1 used:0
Nov  5 17:29:14 twiki kernel: cpu 0 cold: high 0, batch 1 used:0
Nov  5 17:29:14 twiki kernel: Node 0 DMA32 per-cpu:
Nov  5 17:29:14 twiki kernel: cpu 0 hot: high 186, batch 31 used:86
Nov  5 17:29:14 twiki kernel: cpu 0 cold: high 62, batch 15 used:53
Nov  5 17:29:14 twiki kernel: Node 0 Normal per-cpu: empty
Nov  5 17:29:14 twiki kernel: Node 0 HighMem per-cpu: empty
Nov  5 17:29:14 twiki kernel: Free pages:        6924kB (0kB HighMem)
Nov  5 17:29:14 twiki kernel: Active:234093 inactive:20 dirty:0 writeback:0 unstable:0 free:1731 slab:5030 mapped-file:985 mapped-anon:233356 pagetables:9890
Nov  5 17:29:14 twiki kernel: Node 0 DMA free:2964kB min:36kB low:44kB high:52kB active:0kB inactive:0kB present:9668kB pages_scanned:0 all_unreclaimable? yes
Nov  5 17:29:14 twiki kernel: lowmem_reserve[]: 0 994 994 994
Nov  5 17:29:14 twiki kernel: Node 0 DMA32 free:3960kB min:4012kB low:5012kB high:6016kB active:936372kB inactive:80kB present:1018072kB pages_scanned:28799448 all_unreclaimable? yes
Nov  5 17:29:14 twiki kernel: lowmem_reserve[]: 0 0 0 0
Nov  5 17:29:14 twiki kernel: Node 0 Normal free:0kB min:0kB low:0kB high:0kB active:0kB inactive:0kB present:0kB pages_scanned:0 all_unreclaimable? no
Nov  5 17:29:14 twiki kernel: lowmem_reserve[]: 0 0 0 0
Nov  5 17:29:14 twiki kernel: Node 0 HighMem free:0kB min:128kB low:128kB high:128kB active:0kB inactive:0kB present:0kB pages_scanned:0 all_unreclaimable? no
Nov  5 17:29:14 twiki kernel: lowmem_reserve[]: 0 0 0 0
Nov  5 17:29:14 twiki kernel: Node 0 DMA: 5*4kB 4*8kB 4*16kB 3*32kB 3*64kB 2*128kB 1*256kB 0*512kB 2*1024kB 0*2048kB 0*4096kB = 2964kB
Nov  5 17:29:14 twiki kernel: Node 0 DMA32: 0*4kB 5*8kB 3*16kB 1*32kB 0*64kB 0*128kB 1*256kB 1*512kB 1*1024kB 1*2048kB 0*4096kB = 3960kB
Nov  5 17:29:14 twiki kernel: Node 0 Normal: empty
Nov  5 17:29:14 twiki kernel: Node 0 HighMem: empty
Nov  5 17:29:14 twiki kernel: 1178 pagecache pages
Nov  5 17:29:14 twiki kernel: Swap cache: add 0, delete 0, find 0/0, race 0+0
Nov  5 17:29:14 twiki kernel: Free swap  = 0kB
Nov  5 17:29:14 twiki kernel: Total swap = 0kB
Nov  5 17:29:14 twiki kernel: Free swap:            0kB
Nov  5 17:29:14 twiki kernel: 262141 pages of RAM
Nov  5 17:29:14 twiki kernel: 5616 reserved pages
Nov  5 17:29:14 twiki kernel: 72282 pages shared
Nov  5 17:29:14 twiki kernel: 0 pages swap cached
Nov  5 17:29:14 twiki kernel: auditd invoked oom-killer: gfp_mask=0x201d2, order=0, oomkilladj=-17
Nov  5 17:29:14 twiki kernel:
Nov  5 17:29:14 twiki kernel: Call Trace:
Nov  5 17:29:14 twiki kernel: [<ffffffff800cb641>] out_of_memory+0x8e/0x2f3
Nov  5 17:29:14 twiki kernel: [<ffffffff8000f6a2>] __alloc_pages+0x27f/0x308
Nov  5 17:29:14 twiki kernel: [<ffffffff80013085>] __do_page_cache_readahead+0x96/0x17b
Nov  5 17:29:14 twiki kernel: [<ffffffff800139c6>] filemap_nopage+0x14c/0x360
Nov  5 17:29:14 twiki kernel: [<ffffffff80008972>] __handle_mm_fault+0x1fd/0x103b
Nov  5 17:29:14 twiki kernel: [<ffffffff8003ddec>] lock_timer_base+0x1b/0x3c
Nov  5 17:29:14 twiki kernel: [<ffffffff800671ae>] do_page_fault+0x499/0x842
Nov  5 17:29:14 twiki kernel: [<ffffffff800638a7>] schedule_timeout+0x92/0xad
Nov  5 17:29:14 twiki kernel: [<ffffffff8009aac8>] process_timeout+0x0/0x5
Nov  5 17:29:14 twiki kernel: [<ffffffff800ff178>] sys_epoll_wait+0x42f/0x475
Nov  5 17:29:14 twiki kernel: [<ffffffff8008f4e9>] default_wake_function+0x0/0xe
Nov  5 17:29:14 twiki kernel: [<ffffffff8005ddf9>] error_exit+0x0/0x84
Nov  5 17:29:14 twiki kernel:
Nov  5 17:29:14 twiki kernel: Mem-info:
Nov  5 17:29:14 twiki kernel: Node 0 DMA per-cpu:
Nov  5 17:29:14 twiki kernel: cpu 0 hot: high 0, batch 1 used:0
Nov  5 17:29:14 twiki kernel: cpu 0 cold: high 0, batch 1 used:0
Nov  5 17:29:14 twiki kernel: Node 0 DMA32 per-cpu:
Nov  5 17:29:14 twiki kernel: cpu 0 hot: high 186, batch 31 used:135
Nov  5 17:29:14 twiki kernel: cpu 0 cold: high 62, batch 15 used:53
Nov  5 17:29:14 twiki kernel: Node 0 Normal per-cpu: empty
Nov  5 17:29:14 twiki kernel: Node 0 HighMem per-cpu: empty
Nov  5 17:29:14 twiki kernel: Free pages:        6916kB (0kB HighMem)
Nov  5 17:29:14 twiki kernel: Active:233944 inactive:12 dirty:0 writeback:0 unstable:0 free:1729 slab:4981 mapped-file:985 mapped-anon:233356 pagetables:9890
Nov  5 17:29:14 twiki kernel: Node 0 DMA free:2964kB min:36kB low:44kB high:52kB active:0kB inactive:0kB present:9668kB pages_scanned:0 all_unreclaimable? yes
Nov  5 17:29:14 twiki kernel: lowmem_reserve[]: 0 994 994 994
Nov  5 17:29:14 twiki kernel: Node 0 DMA32 free:3952kB min:4012kB low:5012kB high:6016kB active:935776kB inactive:48kB present:1018072kB pages_scanned:55047587 all_unreclaimable? yes
Nov  5 17:29:14 twiki kernel: lowmem_reserve[]: 0 0 0 0
Nov  5 17:29:14 twiki kernel: Node 0 Normal free:0kB min:0kB low:0kB high:0kB active:0kB inactive:0kB present:0kB pages_scanned:0 all_unreclaimable? no
Nov  5 17:29:14 twiki kernel: lowmem_reserve[]: 0 0 0 0
Nov  5 17:29:14 twiki kernel: Node 0 HighMem free:0kB min:128kB low:128kB high:128kB active:0kB inactive:0kB present:0kB pages_scanned:0 all_unreclaimable? no
Nov  5 17:29:14 twiki kernel: lowmem_reserve[]: 0 0 0 0
Nov  5 17:29:14 twiki kernel: Node 0 DMA: 5*4kB 4*8kB 4*16kB 3*32kB 3*64kB 2*128kB 1*256kB 0*512kB 2*1024kB 0*2048kB 0*4096kB = 2964kB
Nov  5 17:29:14 twiki kernel: Node 0 DMA32: 0*4kB 4*8kB 3*16kB 1*32kB 0*64kB 0*128kB 1*256kB 1*512kB 1*1024kB 1*2048kB 0*4096kB = 3952kB
Nov  5 17:29:14 twiki kernel: Node 0 Normal: empty
Nov  5 17:29:14 twiki kernel: Node 0 HighMem: empty
Nov  5 17:29:14 twiki kernel: 1178 pagecache pages
Nov  5 17:29:14 twiki kernel: Swap cache: add 0, delete 0, find 0/0, race 0+0
Nov  5 17:29:14 twiki kernel: Free swap  = 0kB
Nov  5 17:29:14 twiki kernel: Total swap = 0kB
Nov  5 17:29:14 twiki kernel: Free swap:            0kB
Nov  5 17:29:14 twiki kernel: 262141 pages of RAM
Nov  5 17:29:14 twiki kernel: 5616 reserved pages
Nov  5 17:29:14 twiki kernel: 72432 pages shared
Nov  5 17:29:14 twiki kernel: 0 pages swap cached
Nov  5 17:29:14 twiki kernel: kthread invoked oom-killer: gfp_mask=0xd0, order=1, oomkilladj=0
Nov  5 17:29:14 twiki kernel:
Nov  5 17:29:14 twiki kernel: Call Trace:
Nov  5 17:29:14 twiki kernel: [<ffffffff800cb641>] out_of_memory+0x8e/0x2f3
Nov  5 17:29:14 twiki kernel: [<ffffffff8000f6a2>] __alloc_pages+0x27f/0x308
Nov  5 17:29:14 twiki kernel: [<ffffffff80023d25>] alloc_page_interleave+0x3f/0x76
Nov  5 17:29:14 twiki kernel: [<ffffffff8003ca55>] __get_free_pages+0xe/0x71
Nov  5 17:29:14 twiki kernel: [<ffffffff8001f686>] copy_process+0xc1/0x1636
Nov  5 17:29:14 twiki kernel: [<ffffffff800a1cbe>] alloc_pid+0x228/0x2c4
Nov  5 17:29:14 twiki kernel: [<ffffffff8003157c>] do_fork+0x69/0x1c1
Nov  5 17:29:14 twiki kernel: [<ffffffff800a3d8a>] keventd_create_kthread+0x0/0xc4
Nov  5 17:29:14 twiki kernel: [<ffffffff8005df4d>] kernel_thread+0x81/0xeb
Nov  5 17:29:14 twiki kernel: [<ffffffff800a3d8a>] keventd_create_kthread+0x0/0xc4
Nov  5 17:29:14 twiki kernel: [<ffffffff80032b5b>] kthread+0x0/0x132
Nov  5 17:29:14 twiki kernel: [<ffffffff8005dfb7>] child_rip+0x0/0x11
Nov  5 17:29:14 twiki kernel: [<ffffffff800a3da7>] keventd_create_kthread+0x1d/0xc4
Nov  5 17:29:14 twiki kernel: [<ffffffff8004d950>] run_workqueue+0x9e/0xfb
Nov  5 17:29:14 twiki kernel: [<ffffffff8004a1a3>] worker_thread+0x0/0x122
Nov  5 17:29:14 twiki kernel: [<ffffffff8004a293>] worker_thread+0xf0/0x122
Nov  5 17:29:14 twiki kernel: [<ffffffff8008f4e9>] default_wake_function+0x0/0xe
Nov  5 17:29:14 twiki kernel: [<ffffffff80032c59>] kthread+0xfe/0x132
Nov  5 17:29:14 twiki kernel: [<ffffffff8005dfc1>] child_rip+0xa/0x11
Nov  5 17:29:14 twiki kernel: [<ffffffff80032b5b>] kthread+0x0/0x132
Nov  5 17:29:14 twiki kernel: [<ffffffff8005dfb7>] child_rip+0x0/0x11
Nov  5 17:29:14 twiki kernel:
Nov  5 17:29:14 twiki kernel: Mem-info:
Nov  5 17:29:14 twiki kernel: Node 0 DMA per-cpu:
Nov  5 17:29:14 twiki kernel: cpu 0 hot: high 0, batch 1 used:0
Nov  5 17:29:14 twiki kernel: cpu 0 cold: high 0, batch 1 used:0
Nov  5 17:29:14 twiki kernel: Node 0 DMA32 per-cpu:
Nov  5 17:29:14 twiki kernel: cpu 0 hot: high 186, batch 31 used:127
Nov  5 17:29:14 twiki kernel: cpu 0 cold: high 62, batch 15 used:53
Nov  5 17:29:14 twiki kernel: Node 0 Normal per-cpu: empty
Nov  5 17:29:14 twiki kernel: Node 0 HighMem per-cpu: empty
Nov  5 17:29:14 twiki kernel: Free pages:        6900kB (0kB HighMem)
Nov  5 17:29:14 twiki kernel: Active:233950 inactive:12 dirty:0 writeback:0 unstable:0 free:1725 slab:4962 mapped-file:985 mapped-anon:233356 pagetables:9890
Nov  5 17:29:14 twiki kernel: Node 0 DMA free:2964kB min:36kB low:44kB high:52kB active:0kB inactive:0kB present:9668kB pages_scanned:0 all_unreclaimable? yes
Nov  5 17:29:14 twiki kernel: lowmem_reserve[]: 0 994 994 994
Nov  5 17:29:14 twiki kernel: Node 0 DMA32 free:3936kB min:4012kB low:5012kB high:6016kB active:935800kB inactive:48kB present:1018072kB pages_scanned:81153954 all_unreclaimable? yes
Nov  5 17:29:14 twiki kernel: lowmem_reserve[]: 0 0 0 0
Nov  5 17:29:14 twiki kernel: Node 0 Normal free:0kB min:0kB low:0kB high:0kB active:0kB inactive:0kB present:0kB pages_scanned:0 all_unreclaimable? no
Nov  5 17:29:14 twiki kernel: lowmem_reserve[]: 0 0 0 0
Nov  5 17:29:14 twiki kernel: Node 0 HighMem free:0kB min:128kB low:128kB high:128kB active:0kB inactive:0kB present:0kB pages_scanned:0 all_unreclaimable? no
Nov  5 17:29:14 twiki kernel: lowmem_reserve[]: 0 0 0 0
Nov  5 17:29:14 twiki kernel: Node 0 DMA: 5*4kB 4*8kB 4*16kB 3*32kB 3*64kB 2*128kB 1*256kB 0*512kB 2*1024kB 0*2048kB 0*4096kB = 2964kB
Nov  5 17:29:14 twiki kernel: Node 0 DMA32: 0*4kB 2*8kB 3*16kB 1*32kB 0*64kB 0*128kB 1*256kB 1*512kB 1*1024kB 1*2048kB 0*4096kB = 3936kB
Nov  5 17:29:14 twiki kernel: Node 0 Normal: empty
Nov  5 17:29:14 twiki kernel: Node 0 HighMem: empty
Nov  5 17:29:14 twiki kernel: 1178 pagecache pages
Nov  5 17:29:14 twiki kernel: Swap cache: add 0, delete 0, find 0/0, race 0+0
Nov  5 17:29:14 twiki kernel: Free swap  = 0kB
Nov  5 17:29:14 twiki kernel: Total swap = 0kB
Nov  5 17:29:14 twiki kernel: Free swap:            0kB
Nov  5 17:29:14 twiki kernel: 262141 pages of RAM
Nov  5 17:29:14 twiki kernel: 5616 reserved pages
Nov  5 17:29:14 twiki kernel: 72426 pages shared
Nov  5 17:29:14 twiki kernel: 0 pages swap cached
Nov  5 17:29:14 twiki kernel: mysqld invoked oom-killer: gfp_mask=0x201d2, order=0, oomkilladj=0
Nov  5 17:29:14 twiki kernel:
Nov  5 17:29:14 twiki kernel: Call Trace:
Nov  5 17:29:14 twiki kernel: [<ffffffff800cb641>] out_of_memory+0x8e/0x2f3
Nov  5 17:29:14 twiki kernel: [<ffffffff8000f6a2>] __alloc_pages+0x27f/0x308
Nov  5 17:29:14 twiki kernel: [<ffffffff80013085>] __do_page_cache_readahead+0x96/0x17b
Nov  5 17:29:14 twiki kernel: [<ffffffff800139c6>] filemap_nopage+0x14c/0x360
Nov  5 17:29:14 twiki kernel: [<ffffffff80008972>] __handle_mm_fault+0x1fd/0x103b
Nov  5 17:29:14 twiki kernel: [<ffffffff800671ae>] do_page_fault+0x499/0x842
Nov  5 17:29:14 twiki kernel: [<ffffffff80063002>] thread_return+0x62/0xfe
Nov  5 17:29:14 twiki kernel: [<ffffffff8005ddf9>] error_exit+0x0/0x84
Nov  5 17:29:14 twiki kernel:
Nov  5 17:29:14 twiki kernel: Mem-info:
Nov  5 17:29:14 twiki kernel: Node 0 DMA per-cpu:
Nov  5 17:29:14 twiki kernel: cpu 0 hot: high 0, batch 1 used:0
Nov  5 17:29:14 twiki kernel: cpu 0 cold: high 0, batch 1 used:0
Nov  5 17:29:14 twiki kernel: Node 0 DMA32 per-cpu:
Nov  5 17:29:14 twiki kernel: cpu 0 hot: high 186, batch 31 used:138
Nov  5 17:29:14 twiki kernel: cpu 0 cold: high 62, batch 15 used:53
Nov  5 17:29:14 twiki kernel: Node 0 Normal per-cpu: empty
Nov  5 17:29:14 twiki kernel: Node 0 HighMem per-cpu: empty
Nov  5 17:29:14 twiki kernel: Free pages:        6892kB (0kB HighMem)
Nov  5 17:29:14 twiki kernel: Active:233765 inactive:0 dirty:0 writeback:0 unstable:0 free:1723 slab:4952 mapped-file:985 mapped-anon:233356 pagetables:9890
Nov  5 17:29:14 twiki kernel: Node 0 DMA free:2964kB min:36kB low:44kB high:52kB active:0kB inactive:0kB present:9668kB pages_scanned:0 all_unreclaimable? yes
Nov  5 17:29:14 twiki kernel: lowmem_reserve[]: 0 994 994 994
Nov  5 17:29:14 twiki kernel: Node 0 DMA32 free:3928kB min:4012kB low:5012kB high:6016kB active:935060kB inactive:0kB present:1018072kB pages_scanned:106590233 all_unreclaimable? yes
Nov  5 17:29:14 twiki kernel: lowmem_reserve[]: 0 0 0 0
Nov  5 17:29:14 twiki kernel: Node 0 Normal free:0kB min:0kB low:0kB high:0kB active:0kB inactive:0kB present:0kB pages_scanned:0 all_unreclaimable? no
Nov  5 17:29:14 twiki kernel: lowmem_reserve[]: 0 0 0 0
Nov  5 17:29:14 twiki kernel: Node 0 HighMem free:0kB min:128kB low:128kB high:128kB active:0kB inactive:0kB present:0kB pages_scanned:0 all_unreclaimable? no
Nov  5 17:29:14 twiki kernel: lowmem_reserve[]: 0 0 0 0
Nov  5 17:29:14 twiki kernel: Node 0 DMA: 5*4kB 4*8kB 4*16kB 3*32kB 3*64kB 2*128kB 1*256kB 0*512kB 2*1024kB 0*2048kB 0*4096kB = 2964kB
Nov  5 17:29:14 twiki kernel: Node 0 DMA32: 0*4kB 1*8kB 3*16kB 1*32kB 0*64kB 0*128kB 1*256kB 1*512kB 1*1024kB 1*2048kB 0*4096kB = 3928kB
Nov  5 17:29:14 twiki kernel: Node 0 Normal: empty
Nov  5 17:29:14 twiki kernel: Node 0 HighMem: empty
Nov  5 17:29:14 twiki kernel: 1178 pagecache pages
Nov  5 17:29:14 twiki kernel: Swap cache: add 0, delete 0, find 0/0, race 0+0
Nov  5 17:29:14 twiki kernel: Free swap  = 0kB
Nov  5 17:29:14 twiki kernel: Total swap = 0kB
Nov  5 17:29:14 twiki kernel: Free swap:            0kB
Nov  5 17:29:14 twiki kernel: 262141 pages of RAM
Nov  5 17:29:14 twiki kernel: 5616 reserved pages
Nov  5 17:29:14 twiki kernel: 72623 pages shared
Nov  5 17:29:14 twiki kernel: 0 pages swap cached
Nov  5 17:29:38 twiki kernel: view invoked oom-killer: gfp_mask=0x201d2, order=0, oomkilladj=0
Nov  5 17:29:38 twiki kernel:
Nov  5 17:29:38 twiki kernel: Call Trace:
Nov  5 17:29:38 twiki kernel: [<ffffffff800cb641>] out_of_memory+0x8e/0x2f3
Nov  5 17:29:38 twiki kernel: [<ffffffff8000f6a2>] __alloc_pages+0x27f/0x308
Nov  5 17:29:38 twiki kernel: [<ffffffff800a3fab>] autoremove_wake_function+0x9/0x2e
Nov  5 17:29:38 twiki kernel: [<ffffffff80013085>] __do_page_cache_readahead+0x96/0x17b
Nov  5 17:29:38 twiki kernel: [<ffffffff800139c6>] filemap_nopage+0x14c/0x360
Nov  5 17:29:38 twiki kernel: [<ffffffff80008972>] __handle_mm_fault+0x1fd/0x103b
Nov  5 17:29:38 twiki kernel: [<ffffffff8000cf68>] do_sync_read+0xc7/0x104
Nov  5 17:29:38 twiki kernel: [<ffffffff800cac61>] generic_file_read+0xac/0xc5
Nov  5 17:29:38 twiki kernel: [<ffffffff800671ae>] do_page_fault+0x499/0x842
Nov  5 17:29:38 twiki kernel: [<ffffffff800a3fa2>] autoremove_wake_function+0x0/0x2e
Nov  5 17:29:38 twiki kernel: [<ffffffff80027b98>] do_filp_open+0x2a/0x38
Nov  5 17:29:38 twiki kernel: [<ffffffff8005ddf9>] error_exit+0x0/0x84
Nov  5 17:29:38 twiki kernel:
Nov  5 17:29:38 twiki kernel: Mem-info:
Nov  5 17:29:38 twiki kernel: Node 0 DMA per-cpu:
Nov  5 17:29:38 twiki kernel: cpu 0 hot: high 0, batch 1 used:0
Nov  5 17:29:38 twiki kernel: cpu 0 cold: high 0, batch 1 used:0
Nov  5 17:29:38 twiki kernel: Node 0 DMA32 per-cpu:
Nov  5 17:29:38 twiki kernel: cpu 0 hot: high 186, batch 31 used:32
Nov  5 17:29:38 twiki kernel: cpu 0 cold: high 62, batch 15 used:50
Nov  5 17:29:38 twiki kernel: Node 0 Normal per-cpu: empty
Nov  5 17:29:38 twiki kernel: Node 0 HighMem per-cpu: empty
Nov  5 17:29:38 twiki kernel: Free pages:        6948kB (0kB HighMem)
Nov  5 17:29:38 twiki kernel: Active:234047 inactive:32 dirty:0 writeback:0 unstable:0 free:1737 slab:5083 mapped-file:986 mapped-anon:233378 pagetables:9939
Nov  5 17:29:38 twiki kernel: Node 0 DMA free:2964kB min:36kB low:44kB high:52kB active:0kB inactive:0kB present:9668kB pages_scanned:0 all_unreclaimable? yes
Nov  5 17:29:38 twiki kernel: lowmem_reserve[]: 0 994 994 994
Nov  5 17:29:38 twiki kernel: Node 0 DMA32 free:3984kB min:4012kB low:5012kB high:6016kB active:936188kB inactive:128kB present:1018072kB pages_scanned:10499586 all_unreclaimable? yes
Nov  5 17:29:38 twiki kernel: lowmem_reserve[]: 0 0 0 0
Nov  5 17:29:38 twiki kernel: Node 0 Normal free:0kB min:0kB low:0kB high:0kB active:0kB inactive:0kB present:0kB pages_scanned:0 all_unreclaimable? no
Nov  5 17:29:38 twiki kernel: lowmem_reserve[]: 0 0 0 0
Nov  5 17:29:38 twiki kernel: Node 0 HighMem free:0kB min:128kB low:128kB high:128kB active:0kB inactive:0kB present:0kB pages_scanned:0 all_unreclaimable? no
Nov  5 17:29:38 twiki kernel: lowmem_reserve[]: 0 0 0 0
Nov  5 17:29:38 twiki kernel: Node 0 DMA: 5*4kB 4*8kB 4*16kB 3*32kB 3*64kB 2*128kB 1*256kB 0*512kB 2*1024kB 0*2048kB 0*4096kB = 2964kB
Nov  5 17:29:38 twiki kernel: Node 0 DMA32: 16*4kB 4*8kB 1*16kB 1*32kB 0*64kB 0*128kB 1*256kB 1*512kB 1*1024kB 1*2048kB 0*4096kB = 3984kB
Nov  5 17:29:38 twiki kernel: Node 0 Normal: empty
Nov  5 17:29:38 twiki kernel: Node 0 HighMem: empty
Nov  5 17:29:38 twiki kernel: 1217 pagecache pages
Nov  5 17:29:38 twiki kernel: Swap cache: add 0, delete 0, find 0/0, race 0+0
Nov  5 17:29:38 twiki kernel: Free swap  = 0kB
Nov  5 17:29:38 twiki kernel: Total swap = 0kB
Nov  5 17:29:38 twiki kernel: Free swap:            0kB
Nov  5 17:29:38 twiki kernel: 262141 pages of RAM
Nov  5 17:29:38 twiki kernel: 5616 reserved pages
Nov  5 17:29:38 twiki kernel: 73543 pages shared
Nov  5 17:29:38 twiki kernel: 0 pages swap cached
Nov  5 17:29:38 twiki kernel: Out of memory: Killed process 32684, UID 48, (view).
Nov  5 17:29:38 twiki kernel: httpd invoked oom-killer: gfp_mask=0x201d2, order=0, oomkilladj=0
Nov  5 17:29:38 twiki kernel:
Nov  5 17:29:38 twiki kernel: Call Trace:
Nov  5 17:29:38 twiki kernel: [<ffffffff800cb641>] out_of_memory+0x8e/0x2f3
Nov  5 17:29:38 twiki kernel: [<ffffffff8000f6a2>] __alloc_pages+0x27f/0x308
Nov  5 17:29:38 twiki kernel: [<ffffffff80013085>] __do_page_cache_readahead+0x96/0x17b
Nov  5 17:29:38 twiki kernel: [<ffffffff800139c6>] filemap_nopage+0x14c/0x360
Nov  5 17:29:38 twiki kernel: [<ffffffff80008972>] __handle_mm_fault+0x1fd/0x103b
Nov  5 17:29:38 twiki kernel: [<ffffffff800310fd>] release_sock+0x13/0xbe
Nov  5 17:29:38 twiki kernel: [<ffffffff8000cf68>] do_sync_read+0xc7/0x104
Nov  5 17:29:38 twiki kernel: [<ffffffff800671ae>] do_page_fault+0x499/0x842
Nov  5 17:29:38 twiki kernel: [<ffffffff800a3fa2>] autoremove_wake_function+0x0/0x2e
Nov  5 17:29:38 twiki kernel: [<ffffffff800624c6>] __sched_text_start+0xf6/0xbd0
Nov  5 17:29:38 twiki kernel: [<ffffffff8005ddf9>] error_exit+0x0/0x84
Nov  5 17:29:38 twiki kernel:
Nov  5 17:29:38 twiki kernel: Mem-info:
Nov  5 17:29:38 twiki kernel: Node 0 DMA per-cpu:
Nov  5 17:29:38 twiki kernel: cpu 0 hot: high 0, batch 1 used:0
Nov  5 17:29:38 twiki kernel: cpu 0 cold: high 0, batch 1 used:0
Nov  5 17:29:38 twiki kernel: Node 0 DMA32 per-cpu:
Nov  5 17:29:38 twiki kernel: cpu 0 hot: high 186, batch 31 used:67
Nov  5 17:29:38 twiki kernel: cpu 0 cold: high 62, batch 15 used:50
Nov  5 17:29:38 twiki kernel: Node 0 Normal per-cpu: empty
Nov  5 17:29:38 twiki kernel: Node 0 HighMem per-cpu: empty
Nov  5 17:29:38 twiki kernel: Free pages:        6948kB (0kB HighMem)
Nov  5 17:29:38 twiki kernel: Active:233920 inactive:19 dirty:0 writeback:0 unstable:0 free:1737 slab:5055 mapped-file:985 mapped-anon:233378 pagetables:9939
Nov  5 17:29:38 twiki kernel: Node 0 DMA free:2964kB min:36kB low:44kB high:52kB active:0kB inactive:0kB present:9668kB pages_scanned:0 all_unreclaimable? yes
Nov  5 17:29:38 twiki kernel: lowmem_reserve[]: 0 994 994 994
Nov  5 17:29:38 twiki kernel: Node 0 DMA32 free:3984kB min:4012kB low:5012kB high:6016kB active:935680kB inactive:76kB present:1018072kB pages_scanned:36727925 all_unreclaimable? yes
Nov  5 17:29:38 twiki kernel: lowmem_reserve[]: 0 0 0 0
Nov  5 17:29:38 twiki kernel: Node 0 Normal free:0kB min:0kB low:0kB high:0kB active:0kB inactive:0kB present:0kB pages_scanned:0 all_unreclaimable? no
Nov  5 17:29:38 twiki kernel: lowmem_reserve[]: 0 0 0 0
Nov  5 17:29:38 twiki kernel: Node 0 HighMem free:0kB min:128kB low:128kB high:128kB active:0kB inactive:0kB present:0kB pages_scanned:0 all_unreclaimable? no
Nov  5 17:29:38 twiki kernel: lowmem_reserve[]: 0 0 0 0
Nov  5 17:29:38 twiki kernel: Node 0 DMA: 5*4kB 4*8kB 4*16kB 3*32kB 3*64kB 2*128kB 1*256kB 0*512kB 2*1024kB 0*2048kB 0*4096kB = 2964kB
Nov  5 17:29:38 twiki kernel: Node 0 DMA32: 16*4kB 4*8kB 1*16kB 1*32kB 0*64kB 0*128kB 1*256kB 1*512kB 1*1024kB 1*2048kB 0*4096kB = 3984kB
Nov  5 17:29:38 twiki kernel: Node 0 Normal: empty
Nov  5 17:29:38 twiki kernel: Node 0 HighMem: empty
Nov  5 17:29:38 twiki kernel: 1215 pagecache pages
Nov  5 17:29:38 twiki kernel: Swap cache: add 0, delete 0, find 0/0, race 0+0
Nov  5 17:29:38 twiki kernel: Free swap  = 0kB
Nov  5 17:29:38 twiki kernel: Total swap = 0kB
Nov  5 17:29:38 twiki kernel: Free swap:            0kB
Nov  5 17:29:38 twiki kernel: 262141 pages of RAM
Nov  5 17:29:38 twiki kernel: 5616 reserved pages
Nov  5 17:29:38 twiki kernel: 73683 pages shared
Nov  5 17:29:38 twiki kernel: 0 pages swap cached
Nov  5 17:29:38 twiki kernel: httpd invoked oom-killer: gfp_mask=0x201d2, order=0, oomkilladj=0
Nov  5 17:29:38 twiki kernel:
Nov  5 17:29:38 twiki kernel: Call Trace:
Nov  5 17:29:38 twiki kernel: [<ffffffff800cb641>] out_of_memory+0x8e/0x2f3
Nov  5 17:29:38 twiki kernel: [<ffffffff8000f6a2>] __alloc_pages+0x27f/0x308
Nov  5 17:29:38 twiki kernel: [<ffffffff80013085>] __do_page_cache_readahead+0x96/0x17b
Nov  5 17:29:38 twiki kernel: [<ffffffff800139c6>] filemap_nopage+0x14c/0x360
Nov  5 17:29:38 twiki kernel: [<ffffffff80008972>] __handle_mm_fault+0x1fd/0x103b
Nov  5 17:29:38 twiki kernel: [<ffffffff800310fd>] release_sock+0x13/0xbe
Nov  5 17:29:38 twiki kernel: [<ffffffff8000cf68>] do_sync_read+0xc7/0x104
Nov  5 17:29:38 twiki kernel: [<ffffffff800671ae>] do_page_fault+0x499/0x842
Nov  5 17:29:38 twiki kernel: [<ffffffff800a3fa2>] autoremove_wake_function+0x0/0x2e
Nov  5 17:29:38 twiki kernel: [<ffffffff80063002>] thread_return+0x62/0xfe
Nov  5 17:29:38 twiki kernel: [<ffffffff8005ddf9>] error_exit+0x0/0x84
Nov  5 17:29:38 twiki kernel:
Nov  5 17:29:38 twiki kernel: Mem-info:
Nov  5 17:29:38 twiki kernel: Node 0 DMA per-cpu:
Nov  5 17:29:38 twiki kernel: cpu 0 hot: high 0, batch 1 used:0
Nov  5 17:29:38 twiki kernel: cpu 0 cold: high 0, batch 1 used:0
Nov  5 17:29:38 twiki kernel: Node 0 DMA32 per-cpu:
Nov  5 17:29:38 twiki kernel: cpu 0 hot: high 186, batch 31 used:93
Nov  5 17:29:38 twiki kernel: cpu 0 cold: high 62, batch 15 used:50
Nov  5 17:29:38 twiki kernel: Node 0 Normal per-cpu: empty
Nov  5 17:29:38 twiki kernel: Node 0 HighMem per-cpu: empty
Nov  5 17:29:38 twiki kernel: Free pages:        6948kB (0kB HighMem)
Nov  5 17:29:38 twiki kernel: Active:233975 inactive:4 dirty:0 writeback:0 unstable:0 free:1737 slab:5022 mapped-file:985 mapped-anon:233378 pagetables:9939
Nov  5 17:29:38 twiki kernel: Node 0 DMA free:2964kB min:36kB low:44kB high:52kB active:0kB inactive:0kB present:9668kB pages_scanned:0 all_unreclaimable? yes
Nov  5 17:29:38 twiki kernel: lowmem_reserve[]: 0 994 994 994
Nov  5 17:29:38 twiki kernel: Node 0 DMA32 free:3984kB min:4012kB low:5012kB high:6016kB active:935900kB inactive:16kB present:1018072kB pages_scanned:63000062 all_unreclaimable? yes
Nov  5 17:29:38 twiki kernel: lowmem_reserve[]: 0 0 0 0
Nov  5 17:29:38 twiki kernel: Node 0 Normal free:0kB min:0kB low:0kB high:0kB active:0kB inactive:0kB present:0kB pages_scanned:0 all_unreclaimable? no
Nov  5 17:29:38 twiki kernel: lowmem_reserve[]: 0 0 0 0
Nov  5 17:29:38 twiki kernel: Node 0 HighMem free:0kB min:128kB low:128kB high:128kB active:0kB inactive:0kB present:0kB pages_scanned:0 all_unreclaimable? no
Nov  5 17:29:38 twiki kernel: lowmem_reserve[]: 0 0 0 0
Nov  5 17:29:38 twiki kernel: Node 0 DMA: 5*4kB 4*8kB 4*16kB 3*32kB 3*64kB 2*128kB 1*256kB 0*512kB 2*1024kB 0*2048kB 0*4096kB = 2964kB
Nov  5 17:29:38 twiki kernel: Node 0 DMA32: 16*4kB 4*8kB 1*16kB 1*32kB 0*64kB 0*128kB 1*256kB 1*512kB 1*1024kB 1*2048kB 0*4096kB = 3984kB
Nov  5 17:29:38 twiki kernel: Node 0 Normal: empty
Nov  5 17:29:38 twiki kernel: Node 0 HighMem: empty
Nov  5 17:29:38 twiki kernel: 1215 pagecache pages
Nov  5 17:29:38 twiki kernel: Swap cache: add 0, delete 0, find 0/0, race 0+0
Nov  5 17:29:38 twiki kernel: Free swap  = 0kB
Nov  5 17:29:38 twiki kernel: Total swap = 0kB
Nov  5 17:29:38 twiki kernel: Free swap:            0kB
Nov  5 17:29:38 twiki kernel: 262141 pages of RAM
Nov  5 17:29:38 twiki kernel: 5616 reserved pages
Nov  5 17:29:38 twiki kernel: 73643 pages shared
Nov  5 17:29:38 twiki kernel: 0 pages swap cached
Nov  5 17:29:38 twiki kernel: syslog-ng invoked oom-killer: gfp_mask=0x201d2, order=0, oomkilladj=0
Nov  5 17:29:38 twiki kernel:
Nov  5 17:29:38 twiki kernel: Call Trace:
Nov  5 17:29:38 twiki kernel: [<ffffffff800cb641>] out_of_memory+0x8e/0x2f3
Nov  5 17:29:38 twiki kernel: [<ffffffff8000f6a2>] __alloc_pages+0x27f/0x308
Nov  5 17:29:38 twiki kernel: [<ffffffff8008f4e9>] default_wake_function+0x0/0xe
Nov  5 17:29:38 twiki kernel: [<ffffffff80013085>] __do_page_cache_readahead+0x96/0x17b
Nov  5 17:29:38 twiki kernel: [<ffffffff800139c6>] filemap_nopage+0x14c/0x360
Nov  5 17:29:38 twiki kernel: [<ffffffff80008972>] __handle_mm_fault+0x1fd/0x103b
Nov  5 17:29:38 twiki kernel: [<ffffffff8008f4e9>] default_wake_function+0x0/0xe
Nov  5 17:29:38 twiki kernel: [<ffffffff800671ae>] do_page_fault+0x499/0x842
Nov  5 17:29:38 twiki kernel: [<ffffffff8005ddf9>] error_exit+0x0/0x84
Nov  5 17:29:38 twiki kernel:
Nov  5 17:29:38 twiki kernel: Mem-info:
Nov  5 17:29:38 twiki kernel: Node 0 DMA per-cpu:
Nov  5 17:29:38 twiki kernel: cpu 0 hot: high 0, batch 1 used:0
Nov  5 17:29:38 twiki kernel: cpu 0 cold: high 0, batch 1 used:0
Nov  5 17:29:38 twiki kernel: Node 0 DMA32 per-cpu:
Nov  5 17:29:38 twiki kernel: cpu 0 hot: high 186, batch 31 used:113
Nov  5 17:29:38 twiki kernel: cpu 0 cold: high 62, batch 15 used:50
Nov  5 17:29:38 twiki kernel: Node 0 Normal per-cpu: empty
Nov  5 17:29:38 twiki kernel: Node 0 HighMem per-cpu: empty
Nov  5 17:29:38 twiki kernel: Free pages:        6948kB (0kB HighMem)
Nov  5 17:29:38 twiki kernel: Active:233880 inactive:15 dirty:0 writeback:0 unstable:0 free:1737 slab:4981 mapped-file:985 mapped-anon:233378 pagetables:9939
Nov  5 17:29:38 twiki kernel: Node 0 DMA free:2964kB min:36kB low:44kB high:52kB active:0kB inactive:0kB present:9668kB pages_scanned:0 all_unreclaimable? yes
Nov  5 17:29:38 twiki kernel: lowmem_reserve[]: 0 994 994 994
Nov  5 17:29:38 twiki kernel: Node 0 DMA32 free:3984kB min:4012kB low:5012kB high:6016kB active:935520kB inactive:60kB present:1018072kB pages_scanned:89113699 all_unreclaimable? yes
Nov  5 17:29:38 twiki kernel: lowmem_reserve[]: 0 0 0 0
Nov  5 17:29:38 twiki kernel: Node 0 Normal free:0kB min:0kB low:0kB high:0kB active:0kB inactive:0kB present:0kB pages_scanned:0 all_unreclaimable? no
Nov  5 17:29:38 twiki kernel: lowmem_reserve[]: 0 0 0 0
Nov  5 17:29:38 twiki kernel: Node 0 HighMem free:0kB min:128kB low:128kB high:128kB active:0kB inactive:0kB present:0kB pages_scanned:0 all_unreclaimable? no
Nov  5 17:29:38 twiki kernel: lowmem_reserve[]: 0 0 0 0
Nov  5 17:29:38 twiki kernel: Node 0 DMA: 5*4kB 4*8kB 4*16kB 3*32kB 3*64kB 2*128kB 1*256kB 0*512kB 2*1024kB 0*2048kB 0*4096kB = 2964kB
Nov  5 17:29:38 twiki kernel: Node 0 DMA32: 16*4kB 4*8kB 1*16kB 1*32kB 0*64kB 0*128kB 1*256kB 1*512kB 1*1024kB 1*2048kB 0*4096kB = 3984kB
Nov  5 17:29:38 twiki kernel: Node 0 Normal: empty
Nov  5 17:29:38 twiki kernel: Node 0 HighMem: empty
Nov  5 17:29:38 twiki kernel: 1215 pagecache pages
Nov  5 17:29:38 twiki kernel: Swap cache: add 0, delete 0, find 0/0, race 0+0
Nov  5 17:29:38 twiki kernel: Free swap  = 0kB
Nov  5 17:29:38 twiki kernel: Total swap = 0kB
Nov  5 17:29:38 twiki kernel: Free swap:            0kB
Nov  5 17:29:38 twiki kernel: 262141 pages of RAM
Nov  5 17:29:38 twiki kernel: 5616 reserved pages
Nov  5 17:29:38 twiki kernel: 73727 pages shared
Nov  5 17:29:38 twiki kernel: 0 pages swap cached
Nov  5 17:30:03 twiki kernel: view invoked oom-killer: gfp_mask=0x201d2, order=0, oomkilladj=0
Nov  5 17:30:03 twiki kernel:
Nov  5 17:30:03 twiki kernel: Call Trace:
Nov  5 17:30:03 twiki kernel: [<ffffffff800cb641>] out_of_memory+0x8e/0x2f3
Nov  5 17:30:03 twiki kernel: [<ffffffff8000f6a2>] __alloc_pages+0x27f/0x308
Nov  5 17:30:03 twiki kernel: [<ffffffff80013085>] __do_page_cache_readahead+0x96/0x17b
Nov  5 17:30:03 twiki kernel: [<ffffffff800139c6>] filemap_nopage+0x14c/0x360
Nov  5 17:30:03 twiki kernel: [<ffffffff80008972>] __handle_mm_fault+0x1fd/0x103b
Nov  5 17:30:03 twiki kernel: [<ffffffff80023fa8>] __user_walk_fd+0x41/0x4c
Nov  5 17:30:03 twiki kernel: [<ffffffff800671ae>] do_page_fault+0x499/0x842
Nov  5 17:30:03 twiki kernel: [<ffffffff80042557>] do_ioctl+0x5c/0x6b
Nov  5 17:30:03 twiki kernel: [<ffffffff8005ddf9>] error_exit+0x0/0x84
Nov  5 17:30:03 twiki kernel:
Nov  5 17:30:03 twiki kernel: Mem-info:
Nov  5 17:30:03 twiki kernel: Node 0 DMA per-cpu:
Nov  5 17:30:03 twiki kernel: cpu 0 hot: high 0, batch 1 used:0
Nov  5 17:30:03 twiki kernel: cpu 0 cold: high 0, batch 1 used:0
Nov  5 17:30:03 twiki kernel: Node 0 DMA32 per-cpu:
Nov  5 17:30:03 twiki kernel: cpu 0 hot: high 186, batch 31 used:56
Nov  5 17:30:03 twiki kernel: cpu 0 cold: high 62, batch 15 used:14
Nov  5 17:30:03 twiki kernel: Node 0 Normal per-cpu: empty
Nov  5 17:30:03 twiki kernel: Node 0 HighMem per-cpu: empty
Nov  5 17:30:03 twiki kernel: Free pages:        6928kB (0kB HighMem)
Nov  5 17:30:03 twiki kernel: Active:232367 inactive:1297 dirty:0 writeback:0 unstable:0 free:1732 slab:5252 mapped-file:989 mapped-anon:232550 pagetables:10569
Nov  5 17:30:03 twiki kernel: Node 0 DMA free:2964kB min:36kB low:44kB high:52kB active:0kB inactive:0kB present:9668kB pages_scanned:0 all_unreclaimable? yes
Nov  5 17:30:03 twiki kernel: lowmem_reserve[]: 0 994 994 994
Nov  5 17:30:03 twiki kernel: Node 0 DMA32 free:3964kB min:4012kB low:5012kB high:6016kB active:929468kB inactive:5188kB present:1018072kB pages_scanned:1613878 all_unreclaimable? yes
Nov  5 17:30:03 twiki kernel: lowmem_reserve[]: 0 0 0 0
Nov  5 17:30:03 twiki kernel: Node 0 Normal free:0kB min:0kB low:0kB high:0kB active:0kB inactive:0kB present:0kB pages_scanned:0 all_unreclaimable? no
Nov  5 17:30:03 twiki kernel: lowmem_reserve[]: 0 0 0 0
Nov  5 17:30:03 twiki kernel: Node 0 HighMem free:0kB min:128kB low:128kB high:128kB active:0kB inactive:0kB present:0kB pages_scanned:0 all_unreclaimable? no
Nov  5 17:30:03 twiki kernel: lowmem_reserve[]: 0 0 0 0
Nov  5 17:30:03 twiki kernel: Node 0 DMA: 5*4kB 4*8kB 4*16kB 3*32kB 3*64kB 2*128kB 1*256kB 0*512kB 2*1024kB 0*2048kB 0*4096kB = 2964kB
Nov  5 17:30:03 twiki kernel: Node 0 DMA32: 1*4kB 7*8kB 2*16kB 1*32kB 0*64kB 0*128kB 1*256kB 1*512kB 1*1024kB 1*2048kB 0*4096kB = 3964kB
Nov  5 17:30:03 twiki kernel: Node 0 Normal: empty
Nov  5 17:30:03 twiki kernel: Node 0 HighMem: empty
Nov  5 17:30:03 twiki kernel: 1343 pagecache pages
Nov  5 17:30:03 twiki kernel: Swap cache: add 0, delete 0, find 0/0, race 0+0
Nov  5 17:30:03 twiki kernel: Free swap  = 0kB
Nov  5 17:30:03 twiki kernel: Total swap = 0kB
Nov  5 17:30:03 twiki kernel: Free swap:            0kB
Nov  5 17:30:03 twiki kernel: 262141 pages of RAM
Nov  5 17:30:03 twiki kernel: 5616 reserved pages
Nov  5 17:30:03 twiki kernel: 80611 pages shared
Nov  5 17:30:03 twiki kernel: 0 pages swap cached
Nov  5 17:30:03 twiki kernel: Out of memory: Killed process 514, UID 48, (httpd).
Nov  5 17:30:03 twiki kernel: munin-node invoked oom-killer: gfp_mask=0x201d2, order=0, oomkilladj=0
Nov  5 17:30:03 twiki kernel:
Nov  5 17:30:03 twiki kernel: Call Trace:
Nov  5 17:30:03 twiki kernel: [<ffffffff800cb641>] out_of_memory+0x8e/0x2f3
Nov  5 17:30:03 twiki kernel: [<ffffffff8000f6a2>] __alloc_pages+0x27f/0x308
Nov  5 17:30:03 twiki kernel: [<ffffffff80013085>] __do_page_cache_readahead+0x96/0x17b
Nov  5 17:30:03 twiki kernel: [<ffffffff800139c6>] filemap_nopage+0x14c/0x360
Nov  5 17:30:03 twiki kernel: [<ffffffff80008972>] __handle_mm_fault+0x1fd/0x103b
Nov  5 17:30:03 twiki kernel: [<ffffffff800671ae>] do_page_fault+0x499/0x842
Nov  5 17:30:03 twiki kernel: [<ffffffff80043eb2>] sys_rt_sigreturn+0x283/0x356
Nov  5 17:30:03 twiki kernel: [<ffffffff8005ddf9>] error_exit+0x0/0x84
Nov  5 17:30:03 twiki kernel:
Nov  5 17:30:03 twiki kernel: Mem-info:
Nov  5 17:30:03 twiki kernel: Node 0 DMA per-cpu:
Nov  5 17:30:03 twiki kernel: cpu 0 hot: high 0, batch 1 used:0
Nov  5 17:30:03 twiki kernel: cpu 0 cold: high 0, batch 1 used:0
Nov  5 17:30:03 twiki kernel: Node 0 DMA32 per-cpu:
Nov  5 17:30:03 twiki kernel: cpu 0 hot: high 186, batch 31 used:67
Nov  5 17:30:03 twiki kernel: cpu 0 cold: high 62, batch 15 used:54
Nov  5 17:30:03 twiki kernel: Node 0 Normal per-cpu: empty
Nov  5 17:30:03 twiki kernel: Node 0 HighMem per-cpu: empty
Nov  5 17:30:03 twiki kernel: Free pages:        6928kB (0kB HighMem)
Nov  5 17:30:03 twiki kernel: Active:233420 inactive:23 dirty:0 writeback:0 unstable:0 free:1732 slab:5235 mapped-file:986 mapped-anon:232549 pagetables:10569
Nov  5 17:30:03 twiki kernel: Node 0 DMA free:2964kB min:36kB low:44kB high:52kB active:0kB inactive:0kB present:9668kB pages_scanned:0 all_unreclaimable? yes
Nov  5 17:30:03 twiki kernel: lowmem_reserve[]: 0 994 994 994
Nov  5 17:30:03 twiki kernel: Node 0 DMA32 free:3964kB min:4012kB low:5012kB high:6016kB active:933680kB inactive:92kB present:1018072kB pages_scanned:23221787 all_unreclaimable? yes
Nov  5 17:30:03 twiki kernel: lowmem_reserve[]: 0 0 0 0
Nov  5 17:30:03 twiki kernel: Node 0 Normal free:0kB min:0kB low:0kB high:0kB active:0kB inactive:0kB present:0kB pages_scanned:0 all_unreclaimable? no
Nov  5 17:30:03 twiki kernel: lowmem_reserve[]: 0 0 0 0
Nov  5 17:30:03 twiki kernel: Node 0 HighMem free:0kB min:128kB low:128kB high:128kB active:0kB inactive:0kB present:0kB pages_scanned:0 all_unreclaimable? no
Nov  5 17:30:03 twiki kernel: lowmem_reserve[]: 0 0 0 0
Nov  5 17:30:03 twiki kernel: Node 0 DMA: 5*4kB 4*8kB 4*16kB 3*32kB 3*64kB 2*128kB 1*256kB 0*512kB 2*1024kB 0*2048kB 0*4096kB = 2964kB
Nov  5 17:30:03 twiki kernel: Node 0 DMA32: 1*4kB 7*8kB 2*16kB 1*32kB 0*64kB 0*128kB 1*256kB 1*512kB 1*1024kB 1*2048kB 0*4096kB = 3964kB
Nov  5 17:30:03 twiki kernel: Node 0 Normal: empty
Nov  5 17:30:03 twiki kernel: Node 0 HighMem: empty
Nov  5 17:30:03 twiki kernel: 1268 pagecache pages
Nov  5 17:30:03 twiki kernel: Swap cache: add 0, delete 0, find 0/0, race 0+0
Nov  5 17:30:03 twiki kernel: Free swap  = 0kB
Nov  5 17:30:03 twiki kernel: Total swap = 0kB
Nov  5 17:30:03 twiki kernel: Free swap:            0kB
Nov  5 17:30:03 twiki kernel: 262141 pages of RAM
Nov  5 17:30:03 twiki kernel: 5616 reserved pages
Nov  5 17:30:03 twiki kernel: 80756 pages shared
Nov  5 17:30:03 twiki kernel: 0 pages swap cached
Nov  5 17:30:03 twiki kernel: httpd invoked oom-killer: gfp_mask=0x201d2, order=0, oomkilladj=0
Nov  5 17:30:03 twiki kernel:
Nov  5 17:30:03 twiki kernel: Call Trace:
Nov  5 17:30:03 twiki kernel: [<ffffffff800cb641>] out_of_memory+0x8e/0x2f3
Nov  5 17:30:03 twiki kernel: [<ffffffff8000f6a2>] __alloc_pages+0x27f/0x308
Nov  5 17:30:03 twiki kernel: [<ffffffff80013085>] __do_page_cache_readahead+0x96/0x17b
Nov  5 17:30:03 twiki kernel: [<ffffffff800139c6>] filemap_nopage+0x14c/0x360
Nov  5 17:30:03 twiki kernel: [<ffffffff80008972>] __handle_mm_fault+0x1fd/0x103b
Nov  5 17:30:03 twiki kernel: [<ffffffff800671ae>] do_page_fault+0x499/0x842
Nov  5 17:30:03 twiki kernel: [<ffffffff8005ddf9>] error_exit+0x0/0x84
Nov  5 17:30:03 twiki kernel:
Nov  5 17:30:03 twiki kernel: Mem-info:
Nov  5 17:30:03 twiki kernel: Node 0 DMA per-cpu:
Nov  5 17:30:03 twiki kernel: cpu 0 hot: high 0, batch 1 used:0
Nov  5 17:30:03 twiki kernel: cpu 0 cold: high 0, batch 1 used:0
Nov  5 17:30:03 twiki kernel: Node 0 DMA32 per-cpu:
Nov  5 17:30:03 twiki kernel: cpu 0 hot: high 186, batch 31 used:108
Nov  5 17:30:03 twiki kernel: cpu 0 cold: high 62, batch 15 used:60
Nov  5 17:30:03 twiki kernel: Node 0 Normal per-cpu: empty
Nov  5 17:30:03 twiki kernel: Node 0 HighMem per-cpu: empty
Nov  5 17:30:03 twiki kernel: Free pages:        6956kB (0kB HighMem)
Nov  5 17:30:03 twiki kernel: Active:233234 inactive:9 dirty:0 writeback:0 unstable:0 free:1739 slab:5179 mapped-file:986 mapped-anon:232549 pagetables:10569
Nov  5 17:30:03 twiki kernel: Node 0 DMA free:2964kB min:36kB low:44kB high:52kB active:0kB inactive:0kB present:9668kB pages_scanned:0 all_unreclaimable? yes
Nov  5 17:30:03 twiki kernel: lowmem_reserve[]: 0 994 994 994
Nov  5 17:30:03 twiki kernel: Node 0 DMA32 free:3992kB min:4012kB low:5012kB high:6016kB active:932936kB inactive:36kB present:1018072kB pages_scanned:3370030 all_unreclaimable? yes
Nov  5 17:30:03 twiki kernel: lowmem_reserve[]: 0 0 0 0
Nov  5 17:30:03 twiki kernel: Node 0 Normal free:0kB min:0kB low:0kB high:0kB active:0kB inactive:0kB present:0kB pages_scanned:0 all_unreclaimable? no
Nov  5 17:30:03 twiki kernel: lowmem_reserve[]: 0 0 0 0
Nov  5 17:30:03 twiki kernel: Node 0 HighMem free:0kB min:128kB low:128kB high:128kB active:0kB inactive:0kB present:0kB pages_scanned:0 all_unreclaimable? no
Nov  5 17:30:03 twiki kernel: lowmem_reserve[]: 0 0 0 0
Nov  5 17:30:03 twiki kernel: Node 0 DMA: 5*4kB 4*8kB 4*16kB 3*32kB 3*64kB 2*128kB 1*256kB 0*512kB 2*1024kB 0*2048kB 0*4096kB = 2964kB
Nov  5 17:30:03 twiki kernel: Node 0 DMA32: 0*4kB 1*8kB 7*16kB 1*32kB 0*64kB 0*128kB 1*256kB 1*512kB 1*1024kB 1*2048kB 0*4096kB = 3992kB
Nov  5 17:30:03 twiki kernel: Node 0 Normal: empty
Nov  5 17:30:03 twiki kernel: Node 0 HighMem: empty
Nov  5 17:30:03 twiki kernel: 1267 pagecache pages
Nov  5 17:30:03 twiki kernel: Swap cache: add 0, delete 0, find 0/0, race 0+0
Nov  5 17:30:03 twiki kernel: Free swap  = 0kB
Nov  5 17:30:03 twiki kernel: Total swap = 0kB
Nov  5 17:30:03 twiki kernel: Free swap:            0kB
Nov  5 17:30:03 twiki kernel: 262141 pages of RAM
Nov  5 17:30:03 twiki kernel: 5616 reserved pages
Nov  5 17:30:03 twiki kernel: 80950 pages shared
Nov  5 17:30:03 twiki kernel: 0 pages swap cached
Nov  5 17:30:03 twiki kernel: init invoked oom-killer: gfp_mask=0x201d2, order=0, oomkilladj=0
Nov  5 17:30:03 twiki kernel:
Nov  5 17:30:03 twiki kernel: Call Trace:
Nov  5 17:30:03 twiki kernel: [<ffffffff800cb641>] out_of_memory+0x8e/0x2f3
Nov  5 17:30:03 twiki kernel: [<ffffffff8000f6a2>] __alloc_pages+0x27f/0x308
Nov  5 17:30:03 twiki kernel: [<ffffffff80013085>] __do_page_cache_readahead+0x96/0x17b
Nov  5 17:30:03 twiki kernel: [<ffffffff800139c6>] filemap_nopage+0x14c/0x360
Nov  5 17:30:03 twiki kernel: [<ffffffff80008972>] __handle_mm_fault+0x1fd/0x103b
Nov  5 17:30:03 twiki kernel: [<ffffffff800671ae>] do_page_fault+0x499/0x842
Nov  5 17:30:03 twiki kernel: [<ffffffff8005ddf9>] error_exit+0x0/0x84
Nov  5 17:30:03 twiki kernel:
Nov  5 17:30:03 twiki kernel: Mem-info:
Nov  5 17:30:03 twiki kernel: Node 0 DMA per-cpu:
Nov  5 17:30:03 twiki kernel: cpu 0 hot: high 0, batch 1 used:0
Nov  5 17:30:03 twiki kernel: cpu 0 cold: high 0, batch 1 used:0
Nov  5 17:30:03 twiki kernel: Node 0 DMA32 per-cpu:
Nov  5 17:30:03 twiki kernel: cpu 0 hot: high 186, batch 31 used:135
Nov  5 17:30:03 twiki kernel: cpu 0 cold: high 62, batch 15 used:48
Nov  5 17:30:03 twiki kernel: Node 0 Normal per-cpu: empty
Nov  5 17:30:03 twiki kernel: Node 0 HighMem per-cpu: empty
Nov  5 17:30:03 twiki kernel: Free pages:        6928kB (0kB HighMem)
Nov  5 17:30:03 twiki kernel: Active:233307 inactive:0 dirty:0 writeback:0 unstable:0 free:1732 slab:5145 mapped-file:986 mapped-anon:232549 pagetables:10569
Nov  5 17:30:03 twiki kernel: Node 0 DMA free:2964kB min:36kB low:44kB high:52kB active:0kB inactive:0kB present:9668kB pages_scanned:0 all_unreclaimable? yes
Nov  5 17:30:03 twiki kernel: lowmem_reserve[]: 0 994 994 994
Nov  5 17:30:03 twiki kernel: Node 0 DMA32 free:3964kB min:4012kB low:5012kB high:6016kB active:933228kB inactive:0kB present:1018072kB pages_scanned:7530921 all_unreclaimable? yes
Nov  5 17:30:03 twiki kernel: lowmem_reserve[]: 0 0 0 0
Nov  5 17:30:03 twiki kernel: Node 0 Normal free:0kB min:0kB low:0kB high:0kB active:0kB inactive:0kB present:0kB pages_scanned:0 all_unreclaimable? no
Nov  5 17:30:03 twiki kernel: lowmem_reserve[]: 0 0 0 0
Nov  5 17:30:03 twiki kernel: Node 0 HighMem free:0kB min:128kB low:128kB high:128kB active:0kB inactive:0kB present:0kB pages_scanned:0 all_unreclaimable? no
Nov  5 17:30:03 twiki kernel: lowmem_reserve[]: 0 0 0 0
Nov  5 17:30:03 twiki kernel: Node 0 DMA: 5*4kB 4*8kB 4*16kB 3*32kB 3*64kB 2*128kB 1*256kB 0*512kB 2*1024kB 0*2048kB 0*4096kB = 2964kB
Nov  5 17:30:03 twiki kernel: Node 0 DMA32: 1*4kB 1*8kB 5*16kB 1*32kB 0*64kB 0*128kB 1*256kB 1*512kB 1*1024kB 1*2048kB 0*4096kB = 3964kB
Nov  5 17:30:03 twiki kernel: Node 0 Normal: empty
Nov  5 17:30:03 twiki kernel: Node 0 HighMem: empty
Nov  5 17:30:03 twiki kernel: 1267 pagecache pages
Nov  5 17:30:03 twiki kernel: Swap cache: add 0, delete 0, find 0/0, race 0+0
Nov  5 17:30:03 twiki kernel: Free swap  = 0kB
Nov  5 17:30:03 twiki kernel: Total swap = 0kB
Nov  5 17:30:03 twiki kernel: Free swap:            0kB
Nov  5 17:30:03 twiki kernel: 262141 pages of RAM
Nov  5 17:30:03 twiki kernel: 5616 reserved pages
Nov  5 17:30:03 twiki kernel: 80894 pages shared
Nov  5 17:30:03 twiki kernel: 0 pages swap cached
Nov  5 17:30:03 twiki kernel: mysqld invoked oom-killer: gfp_mask=0x201d2, order=0, oomkilladj=0
Nov  5 17:30:03 twiki kernel:
Nov  5 17:30:03 twiki kernel: Call Trace:
Nov  5 17:30:03 twiki kernel: [<ffffffff800cb641>] out_of_memory+0x8e/0x2f3
Nov  5 17:30:03 twiki kernel: [<ffffffff8000f6a2>] __alloc_pages+0x27f/0x308
Nov  5 17:30:03 twiki kernel: [<ffffffff80013085>] __do_page_cache_readahead+0x96/0x17b
Nov  5 17:30:03 twiki kernel: [<ffffffff800139c6>] filemap_nopage+0x14c/0x360
Nov  5 17:30:03 twiki kernel: [<ffffffff80008972>] __handle_mm_fault+0x1fd/0x103b
Nov  5 17:30:03 twiki kernel: [<ffffffff800671ae>] do_page_fault+0x499/0x842
Nov  5 17:30:03 twiki kernel: [<ffffffff8009b6bc>] recalc_sigpending+0xe/0x25
Nov  5 17:30:03 twiki kernel: [<ffffffff8009b6bc>] recalc_sigpending+0xe/0x25
Nov  5 17:30:03 twiki kernel: [<ffffffff8009d5cb>] sys_rt_sigtimedwait+0x241/0x2b4
Nov  5 17:30:03 twiki kernel: [<ffffffff8005ddf9>] error_exit+0x0/0x84
Nov  5 17:30:03 twiki kernel:
Nov  5 17:30:03 twiki kernel: Mem-info:
Nov  5 17:30:03 twiki kernel: Node 0 DMA per-cpu:
Nov  5 17:30:03 twiki kernel: cpu 0 hot: high 0, batch 1 used:0
Nov  5 17:30:03 twiki kernel: cpu 0 cold: high 0, batch 1 used:0
Nov  5 17:30:03 twiki kernel: Node 0 DMA32 per-cpu:
Nov  5 17:30:03 twiki kernel: cpu 0 hot: high 186, batch 31 used:143
Nov  5 17:30:03 twiki kernel: cpu 0 cold: high 62, batch 15 used:48
Nov  5 17:30:03 twiki kernel: Node 0 Normal per-cpu: empty
Nov  5 17:30:03 twiki kernel: Node 0 HighMem per-cpu: empty
Nov  5 17:30:03 twiki kernel: Free pages:        6960kB (0kB HighMem)
Nov  5 17:30:03 twiki kernel: Active:233092 inactive:9 dirty:0 writeback:0 unstable:0 free:1740 slab:5104 mapped-file:986 mapped-anon:232549 pagetables:10569
Nov  5 17:30:03 twiki kernel: Node 0 DMA free:2964kB min:36kB low:44kB high:52kB active:0kB inactive:0kB present:9668kB pages_scanned:0 all_unreclaimable? yes
Nov  5 17:30:03 twiki kernel: lowmem_reserve[]: 0 994 994 994
Nov  5 17:30:03 twiki kernel: Node 0 DMA32 free:3996kB min:4012kB low:5012kB high:6016kB active:932368kB inactive:36kB present:1018072kB pages_scanned:12264765 all_unreclaimable? yes
Nov  5 17:30:03 twiki kernel: lowmem_reserve[]: 0 0 0 0
Nov  5 17:30:03 twiki kernel: Node 0 Normal free:0kB min:0kB low:0kB high:0kB active:0kB inactive:0kB present:0kB pages_scanned:0 all_unreclaimable? no
Nov  5 17:30:03 twiki kernel: lowmem_reserve[]: 0 0 0 0
Nov  5 17:30:03 twiki kernel: Node 0 HighMem free:0kB min:128kB low:128kB high:128kB active:0kB inactive:0kB present:0kB pages_scanned:0 all_unreclaimable? no
Nov  5 17:30:03 twiki kernel: lowmem_reserve[]: 0 0 0 0
Nov  5 17:30:03 twiki kernel: Node 0 DMA: 5*4kB 4*8kB 4*16kB 3*32kB 3*64kB 2*128kB 1*256kB 0*512kB 2*1024kB 0*2048kB 0*4096kB = 2964kB
Nov  5 17:30:03 twiki kernel: Node 0 DMA32: 1*4kB 1*8kB 7*16kB 1*32kB 0*64kB 0*128kB 1*256kB 1*512kB 1*1024kB 1*2048kB 0*4096kB = 3996kB
Nov  5 17:30:03 twiki kernel: Node 0 Normal: empty
Nov  5 17:30:03 twiki kernel: Node 0 HighMem: empty
Nov  5 17:30:03 twiki kernel: 1269 pagecache pages
Nov  5 17:30:03 twiki kernel: Swap cache: add 0, delete 0, find 0/0, race 0+0
Nov  5 17:30:03 twiki kernel: Free swap  = 0kB
Nov  5 17:30:03 twiki kernel: Total swap = 0kB
Nov  5 17:30:03 twiki kernel: Free swap:            0kB
Nov  5 17:30:03 twiki kernel: 262141 pages of RAM
Nov  5 17:30:03 twiki kernel: 5616 reserved pages
Nov  5 17:30:03 twiki kernel: 81096 pages shared
Nov  5 17:30:03 twiki kernel: 0 pages swap cached
Nov  5 17:30:03 twiki kernel: Out of memory: Killed process 518, UID 48, (httpd).
Nov  5 17:30:06 twiki kernel: sshd invoked oom-killer: gfp_mask=0x201d2, order=0, oomkilladj=0
Nov  5 17:30:06 twiki kernel:
Nov  5 17:30:06 twiki kernel: Call Trace:
Nov  5 17:30:06 twiki kernel: [<ffffffff800cb641>] out_of_memory+0x8e/0x2f3
Nov  5 17:30:06 twiki kernel: [<ffffffff8000f6a2>] __alloc_pages+0x27f/0x308
Nov  5 17:30:06 twiki kernel: [<ffffffff80013085>] __do_page_cache_readahead+0x96/0x17b
Nov  5 17:30:06 twiki kernel: [<ffffffff800139c6>] filemap_nopage+0x14c/0x360
Nov  5 17:30:06 twiki kernel: [<ffffffff80008972>] __handle_mm_fault+0x1fd/0x103b
Nov  5 17:30:06 twiki kernel: [<ffffffff8000cf68>] do_sync_read+0xc7/0x104
Nov  5 17:30:06 twiki kernel: [<ffffffff8002a0cc>] read_chan+0x626/0x694
Nov  5 17:30:07 twiki kernel: [<ffffffff800671ae>] do_page_fault+0x499/0x842
Nov  5 17:30:07 twiki kernel: [<ffffffff800a3fa2>] autoremove_wake_function+0x0/0x2e
Nov  5 17:30:07 twiki kernel: [<ffffffff8005ddf9>] error_exit+0x0/0x84
Nov  5 17:30:07 twiki kernel:
Nov  5 17:30:07 twiki kernel: Mem-info:
Nov  5 17:30:07 twiki kernel: Node 0 DMA per-cpu:
Nov  5 17:30:07 twiki kernel: cpu 0 hot: high 0, batch 1 used:0
Nov  5 17:30:07 twiki kernel: cpu 0 cold: high 0, batch 1 used:0
Nov  5 17:30:07 twiki kernel: Node 0 DMA32 per-cpu:
Nov  5 17:30:07 twiki kernel: cpu 0 hot: high 186, batch 31 used:153
Nov  5 17:30:07 twiki kernel: cpu 0 cold: high 62, batch 15 used:47
Nov  5 17:30:07 twiki kernel: Node 0 Normal per-cpu: empty
Nov  5 17:30:07 twiki kernel: Node 0 HighMem per-cpu: empty
Nov  5 17:30:07 twiki kernel: Free pages:        6948kB (0kB HighMem)
Nov  5 17:30:07 twiki kernel: Active:233425 inactive:16 dirty:0 writeback:0 unstable:0 free:1737 slab:5114 mapped-file:990 mapped-anon:232555 pagetables:10432
Nov  5 17:30:07 twiki kernel: Node 0 DMA free:2964kB min:36kB low:44kB high:52kB active:0kB inactive:0kB present:9668kB pages_scanned:0 all_unreclaimable? yes
Nov  5 17:30:07 twiki kernel: lowmem_reserve[]: 0 994 994 994
Nov  5 17:30:07 twiki kernel: Node 0 DMA32 free:3984kB min:4012kB low:5012kB high:6016kB active:933700kB inactive:64kB present:1018072kB pages_scanned:5616822 all_unreclaimable? yes
Nov  5 17:30:07 twiki kernel: lowmem_reserve[]: 0 0 0 0
Nov  5 17:30:07 twiki kernel: Node 0 Normal free:0kB min:0kB low:0kB high:0kB active:0kB inactive:0kB present:0kB pages_scanned:0 all_unreclaimable? no
Nov  5 17:30:07 twiki kernel: lowmem_reserve[]: 0 0 0 0
Nov  5 17:30:07 twiki kernel: Node 0 HighMem free:0kB min:128kB low:128kB high:128kB active:0kB inactive:0kB present:0kB pages_scanned:0 all_unreclaimable? no
Nov  5 17:30:07 twiki kernel: lowmem_reserve[]: 0 0 0 0
Nov  5 17:30:07 twiki kernel: Node 0 DMA: 5*4kB 4*8kB 4*16kB 3*32kB 3*64kB 2*128kB 1*256kB 0*512kB 2*1024kB 0*2048kB 0*4096kB = 2964kB
Nov  5 17:30:07 twiki kernel: Node 0 DMA32: 0*4kB 4*8kB 5*16kB 1*32kB 0*64kB 0*128kB 1*256kB 1*512kB 1*1024kB 1*2048kB 0*4096kB = 3984kB
Nov  5 17:30:07 twiki kernel: Node 0 Normal: empty
Nov  5 17:30:07 twiki kernel: Node 0 HighMem: empty
Nov  5 17:30:07 twiki kernel: 1203 pagecache pages
Nov  5 17:30:07 twiki kernel: Swap cache: add 0, delete 0, find 0/0, race 0+0
Nov  5 17:30:07 twiki kernel: Free swap  = 0kB
Nov  5 17:30:07 twiki kernel: Total swap = 0kB
Nov  5 17:30:07 twiki kernel: Free swap:            0kB
Nov  5 17:30:07 twiki kernel: 262141 pages of RAM
Nov  5 17:30:07 twiki kernel: 5616 reserved pages
Nov  5 17:30:07 twiki kernel: 78936 pages shared
Nov  5 17:30:07 twiki kernel: 0 pages swap cached
Nov  5 17:30:07 twiki kernel: Out of memory: Killed process 441, UID 48, (view).
Nov  5 17:30:26 twiki kernel: sshd invoked oom-killer: gfp_mask=0x201d2, order=0, oomkilladj=-17
Nov  5 17:30:26 twiki kernel:
Nov  5 17:30:26 twiki kernel: Call Trace:
Nov  5 17:30:26 twiki kernel: [<ffffffff800cb641>] out_of_memory+0x8e/0x2f3
Nov  5 17:30:26 twiki kernel: [<ffffffff8000f6a2>] __alloc_pages+0x27f/0x308
Nov  5 17:30:26 twiki kernel: [<ffffffff80013085>] __do_page_cache_readahead+0x96/0x17b
Nov  5 17:30:26 twiki kernel: [<ffffffff800139c6>] filemap_nopage+0x14c/0x360
Nov  5 17:30:26 twiki kernel: [<ffffffff80008972>] __handle_mm_fault+0x1fd/0x103b
Nov  5 17:30:26 twiki kernel: [<ffffffff800183df>] do_sync_write+0xc7/0x104
Nov  5 17:30:26 twiki kernel: [<ffffffff800a1970>] attach_pid+0x7c/0xa9
Nov  5 17:30:27 twiki kernel: [<ffffffff800671ae>] do_page_fault+0x499/0x842
Nov  5 17:30:27 twiki kernel: [<ffffffff800a3fa2>] autoremove_wake_function+0x0/0x2e
Nov  5 17:30:27 twiki kernel: [<ffffffff80063002>] thread_return+0x62/0xfe
Nov  5 17:30:27 twiki kernel: [<ffffffff8005ddf9>] error_exit+0x0/0x84
Nov  5 17:30:27 twiki kernel:
Nov  5 17:30:27 twiki kernel: Mem-info:
Nov  5 17:30:27 twiki kernel: Node 0 DMA per-cpu:
Nov  5 17:30:27 twiki kernel: cpu 0 hot: high 0, batch 1 used:0
Nov  5 17:30:27 twiki kernel: cpu 0 cold: high 0, batch 1 used:0
Nov  5 17:30:27 twiki kernel: Node 0 DMA32 per-cpu:
Nov  5 17:30:27 twiki kernel: cpu 0 hot: high 186, batch 31 used:9
Nov  5 17:30:27 twiki kernel: cpu 0 cold: high 62, batch 15 used:50
Nov  5 17:30:27 twiki kernel: Node 0 Normal per-cpu: empty
Nov  5 17:30:27 twiki kernel: Node 0 HighMem per-cpu: empty
Nov  5 17:30:27 twiki kernel: Free pages:        6924kB (0kB HighMem)
Nov  5 17:30:27 twiki kernel: Active:233691 inactive:17 dirty:0 writeback:0 unstable:0 free:1731 slab:5182 mapped-file:985 mapped-anon:232616 pagetables:10598
Nov  5 17:30:27 twiki kernel: Node 0 DMA free:2964kB min:36kB low:44kB high:52kB active:0kB inactive:0kB present:9668kB pages_scanned:0 all_unreclaimable? yes
Nov  5 17:30:27 twiki kernel: lowmem_reserve[]: 0 994 994 994
Nov  5 17:30:27 twiki kernel: Node 0 DMA32 free:3960kB min:4012kB low:5012kB high:6016kB active:934764kB inactive:68kB present:1018072kB pages_scanned:7531362 all_unreclaimable? yes
Nov  5 17:30:27 twiki kernel: lowmem_reserve[]: 0 0 0 0
Nov  5 17:30:27 twiki kernel: Node 0 Normal free:0kB min:0kB low:0kB high:0kB active:0kB inactive:0kB present:0kB pages_scanned:0 all_unreclaimable? no
Nov  5 17:30:27 twiki kernel: lowmem_reserve[]: 0 0 0 0
Nov  5 17:30:27 twiki kernel: Node 0 HighMem free:0kB min:128kB low:128kB high:128kB active:0kB inactive:0kB present:0kB pages_scanned:0 all_unreclaimable? no
Nov  5 17:30:27 twiki kernel: lowmem_reserve[]: 0 0 0 0
Nov  5 17:30:27 twiki kernel: Node 0 DMA: 5*4kB 4*8kB 4*16kB 3*32kB 3*64kB 2*128kB 1*256kB 0*512kB 2*1024kB 0*2048kB 0*4096kB = 2964kB
Nov  5 17:30:27 twiki kernel: Node 0 DMA32: 10*4kB 4*8kB 1*16kB 1*32kB 0*64kB 0*128kB 1*256kB 1*512kB 1*1024kB 1*2048kB 0*4096kB = 3960kB
Nov  5 17:30:27 twiki kernel: Node 0 Normal: empty
Nov  5 17:30:27 twiki kernel: Node 0 HighMem: empty
Nov  5 17:30:27 twiki kernel: 1214 pagecache pages
Nov  5 17:30:27 twiki kernel: Swap cache: add 0, delete 0, find 0/0, race 0+0
Nov  5 17:30:27 twiki kernel: Free swap  = 0kB
Nov  5 17:30:27 twiki kernel: Total swap = 0kB
Nov  5 17:30:27 twiki kernel: Free swap:            0kB
Nov  5 17:30:27 twiki kernel: 262141 pages of RAM
Nov  5 17:30:27 twiki kernel: 5616 reserved pages
Nov  5 17:30:27 twiki kernel: 80067 pages shared
Nov  5 17:30:27 twiki kernel: 0 pages swap cached
Nov  5 17:30:27 twiki kernel: Out of memory: Killed process 550, UID 48, (httpd).
Nov  5 17:30:27 twiki kernel: httpd invoked oom-killer: gfp_mask=0x201d2, order=0, oomkilladj=0
Nov  5 17:30:27 twiki kernel:
Nov  5 17:30:27 twiki kernel: Call Trace:
Nov  5 17:30:27 twiki kernel: [<ffffffff800cb641>] out_of_memory+0x8e/0x2f3
Nov  5 17:30:27 twiki kernel: [<ffffffff8000f6a2>] __alloc_pages+0x27f/0x308
Nov  5 17:30:27 twiki kernel: [<ffffffff8000f49b>] __alloc_pages+0x78/0x308
Nov  5 17:30:27 twiki kernel: [<ffffffff80013085>] __do_page_cache_readahead+0x96/0x17b
Nov  5 17:30:27 twiki kernel: [<ffffffff800139c6>] filemap_nopage+0x14c/0x360
Nov  5 17:30:27 twiki kernel: [<ffffffff80008972>] __handle_mm_fault+0x1fd/0x103b
Nov  5 17:30:27 twiki kernel: [<ffffffff8003ddec>] lock_timer_base+0x1b/0x3c
Nov  5 17:30:27 twiki kernel: [<ffffffff800671ae>] do_page_fault+0x499/0x842
Nov  5 17:30:27 twiki kernel: [<ffffffff800638a7>] schedule_timeout+0x92/0xad
Nov  5 17:30:27 twiki kernel: [<ffffffff8009aac8>] process_timeout+0x0/0x5
Nov  5 17:30:27 twiki kernel: [<ffffffff800ff178>] sys_epoll_wait+0x42f/0x475
Nov  5 17:30:27 twiki kernel: [<ffffffff8005ddf9>] error_exit+0x0/0x84
Nov  5 17:30:27 twiki kernel:
Nov  5 17:30:27 twiki kernel: Mem-info:
Nov  5 17:30:27 twiki kernel: Node 0 DMA per-cpu:
Nov  5 17:30:27 twiki kernel: cpu 0 hot: high 0, batch 1 used:0
Nov  5 17:30:27 twiki kernel: cpu 0 cold: high 0, batch 1 used:0
Nov  5 17:30:27 twiki kernel: Node 0 DMA32 per-cpu:
Nov  5 17:30:27 twiki kernel: cpu 0 hot: high 186, batch 31 used:34
Nov  5 17:30:27 twiki kernel: cpu 0 cold: high 62, batch 15 used:50
Nov  5 17:30:27 twiki kernel: Node 0 Normal per-cpu: empty
Nov  5 17:30:27 twiki kernel: Node 0 HighMem per-cpu: empty
Nov  5 17:30:27 twiki kernel: Free pages:        6940kB (0kB HighMem)
Nov  5 17:30:27 twiki kernel: Active:233297 inactive:17 dirty:0 writeback:0 unstable:0 free:1735 slab:5158 mapped-file:985 mapped-anon:232616 pagetables:10598
Nov  5 17:30:27 twiki kernel: Node 0 DMA free:2964kB min:36kB low:44kB high:52kB active:0kB inactive:0kB present:9668kB pages_scanned:0 all_unreclaimable? yes
Nov  5 17:30:27 twiki kernel: lowmem_reserve[]: 0 994 994 994
Nov  5 17:30:27 twiki kernel: Node 0 DMA32 free:3976kB min:4012kB low:5012kB high:6016kB active:933188kB inactive:68kB present:1018072kB pages_scanned:17141175 all_unreclaimable? yes
Nov  5 17:30:27 twiki kernel: lowmem_reserve[]: 0 0 0 0
Nov  5 17:30:27 twiki kernel: Node 0 Normal free:0kB min:0kB low:0kB high:0kB active:0kB inactive:0kB present:0kB pages_scanned:0 all_unreclaimable? no
Nov  5 17:30:27 twiki kernel: lowmem_reserve[]: 0 0 0 0
Nov  5 17:30:27 twiki kernel: Node 0 HighMem free:0kB min:128kB low:128kB high:128kB active:0kB inactive:0kB present:0kB pages_scanned:0 all_unreclaimable? no
Nov  5 17:30:27 twiki kernel: lowmem_reserve[]: 0 0 0 0
Nov  5 17:30:27 twiki kernel: Node 0 DMA: 5*4kB 4*8kB 4*16kB 3*32kB 3*64kB 2*128kB 1*256kB 0*512kB 2*1024kB 0*2048kB 0*4096kB = 2964kB
Nov  5 17:30:27 twiki kernel: Node 0 DMA32: 10*4kB 6*8kB 1*16kB 1*32kB 0*64kB 0*128kB 1*256kB 1*512kB 1*1024kB 1*2048kB 0*4096kB = 3976kB
Nov  5 17:30:27 twiki kernel: Node 0 Normal: empty
Nov  5 17:30:27 twiki kernel: Node 0 HighMem: empty
Nov  5 17:30:27 twiki kernel: 1214 pagecache pages
Nov  5 17:30:27 twiki kernel: Swap cache: add 0, delete 0, find 0/0, race 0+0
Nov  5 17:30:27 twiki kernel: Free swap  = 0kB
Nov  5 17:30:27 twiki kernel: Total swap = 0kB
Nov  5 17:30:27 twiki kernel: Free swap:            0kB
Nov  5 17:30:27 twiki kernel: 262141 pages of RAM
Nov  5 17:30:27 twiki kernel: 5616 reserved pages
Nov  5 17:30:27 twiki kernel: 80461 pages shared
Nov  5 17:30:27 twiki kernel: 0 pages swap cached
Nov  5 17:30:27 twiki kernel: httpd invoked oom-killer: gfp_mask=0x201d2, order=0, oomkilladj=0
Nov  5 17:30:27 twiki kernel:
Nov  5 17:30:27 twiki kernel: Call Trace:
Nov  5 17:30:27 twiki kernel: [<ffffffff800cb641>] out_of_memory+0x8e/0x2f3
Nov  5 17:30:27 twiki kernel: [<ffffffff8000f6a2>] __alloc_pages+0x27f/0x308
Nov  5 17:30:27 twiki kernel: [<ffffffff80013085>] __do_page_cache_readahead+0x96/0x17b
Nov  5 17:30:27 twiki kernel: [<ffffffff800139c6>] filemap_nopage+0x14c/0x360
Nov  5 17:30:27 twiki kernel: [<ffffffff80008972>] __handle_mm_fault+0x1fd/0x103b
Nov  5 17:30:27 twiki kernel: [<ffffffff800a1970>] attach_pid+0x7c/0xa9
Nov  5 17:30:27 twiki kernel: [<ffffffff800671ae>] do_page_fault+0x499/0x842
Nov  5 17:30:27 twiki kernel: [<ffffffff8005ddf9>] error_exit+0x0/0x84
Nov  5 17:30:27 twiki kernel:
Nov  5 17:30:27 twiki kernel: Mem-info:
Nov  5 17:30:27 twiki kernel: Node 0 DMA per-cpu:
Nov  5 17:30:27 twiki kernel: cpu 0 hot: high 0, batch 1 used:0
Nov  5 17:30:27 twiki kernel: cpu 0 cold: high 0, batch 1 used:0
Nov  5 17:30:27 twiki kernel: Node 0 DMA32 per-cpu:
Nov  5 17:30:27 twiki kernel: cpu 0 hot: high 186, batch 31 used:164
Nov  5 17:30:27 twiki kernel: cpu 0 cold: high 62, batch 15 used:53
Nov  5 17:30:27 twiki kernel: Node 0 Normal per-cpu: empty
Nov  5 17:30:27 twiki kernel: Node 0 HighMem per-cpu: empty
Nov  5 17:30:27 twiki kernel: Free pages:        6968kB (0kB HighMem)
Nov  5 17:30:27 twiki kernel: Active:231543 inactive:601 dirty:0 writeback:0 unstable:0 free:1742 slab:5114 mapped-file:1002 mapped-anon:232605 pagetables:10489
Nov  5 17:30:27 twiki kernel: Node 0 DMA free:2964kB min:36kB low:44kB high:52kB active:0kB inactive:0kB present:9668kB pages_scanned:0 all_unreclaimable? yes
Nov  5 17:30:27 twiki kernel: lowmem_reserve[]: 0 994 994 994
Nov  5 17:30:27 twiki kernel: Node 0 DMA32 free:4004kB min:4012kB low:5012kB high:6016kB active:926172kB inactive:2404kB present:1018072kB pages_scanned:1662059 all_unreclaimable? yes
Nov  5 17:30:27 twiki kernel: lowmem_reserve[]: 0 0 0 0
Nov  5 17:30:27 twiki kernel: Node 0 Normal free:0kB min:0kB low:0kB high:0kB active:0kB inactive:0kB present:0kB pages_scanned:0 all_unreclaimable? no
Nov  5 17:30:27 twiki kernel: lowmem_reserve[]: 0 0 0 0
Nov  5 17:30:27 twiki kernel: Node 0 HighMem free:0kB min:128kB low:128kB high:128kB active:0kB inactive:0kB present:0kB pages_scanned:0 all_unreclaimable? no
Nov  5 17:30:27 twiki kernel: lowmem_reserve[]: 0 0 0 0
Nov  5 17:30:27 twiki kernel: Node 0 DMA: 5*4kB 4*8kB 4*16kB 3*32kB 3*64kB 2*128kB 1*256kB 0*512kB 2*1024kB 0*2048kB 0*4096kB = 2964kB
Nov  5 17:30:27 twiki kernel: Node 0 DMA32: 11*4kB 9*8kB 1*16kB 1*32kB 0*64kB 0*128kB 1*256kB 1*512kB 1*1024kB 1*2048kB 0*4096kB = 4004kB
Nov  5 17:30:27 twiki kernel: Node 0 Normal: empty
Nov  5 17:30:27 twiki kernel: Node 0 HighMem: empty
Nov  5 17:30:27 twiki kernel: 1202 pagecache pages
Nov  5 17:30:27 twiki kernel: Swap cache: add 0, delete 0, find 0/0, race 0+0
Nov  5 17:30:27 twiki kernel: Free swap  = 0kB
Nov  5 17:30:27 twiki kernel: Total swap = 0kB
Nov  5 17:30:27 twiki kernel: Free swap:            0kB
Nov  5 17:30:27 twiki kernel: 262141 pages of RAM
Nov  5 17:30:27 twiki kernel: 5616 reserved pages
Nov  5 17:30:27 twiki kernel: 80411 pages shared
Nov  5 17:30:27 twiki kernel: 0 pages swap cached
Nov  5 17:30:27 twiki kernel: Out of memory: Killed process 437, UID 48, (view).
Nov  5 17:30:27 twiki kernel: view: page allocation failure. order:0, mode:0x201d2
Nov  5 17:30:27 twiki kernel:
Nov  5 17:30:27 twiki kernel: Call Trace:
Nov  5 17:30:27 twiki kernel: [<ffffffff8000f712>] __alloc_pages+0x2ef/0x308
Nov  5 17:30:27 twiki kernel: [<ffffffff80013085>] __do_page_cache_readahead+0x96/0x17b
Nov  5 17:30:27 twiki kernel: [<ffffffff800139c6>] filemap_nopage+0x14c/0x360
Nov  5 17:30:27 twiki kernel: [<ffffffff80008972>] __handle_mm_fault+0x1fd/0x103b
Nov  5 17:30:27 twiki kernel: [<ffffffff80023fa8>] __user_walk_fd+0x41/0x4c
Nov  5 17:30:27 twiki kernel: [<ffffffff800671ae>] do_page_fault+0x499/0x842
Nov  5 17:30:27 twiki kernel: [<ffffffff8005ddf9>] error_exit+0x0/0x84
Nov  5 17:30:27 twiki kernel:
Nov  5 17:30:27 twiki kernel: Mem-info:
Nov  5 17:30:27 twiki kernel: Node 0 DMA per-cpu:
Nov  5 17:30:27 twiki kernel: cpu 0 hot: high 0, batch 1 used:0
Nov  5 17:30:27 twiki kernel: cpu 0 cold: high 0, batch 1 used:0
Nov  5 17:30:27 twiki kernel: Node 0 DMA32 per-cpu:
Nov  5 17:30:27 twiki kernel: cpu 0 hot: high 186, batch 31 used:170
Nov  5 17:30:27 twiki kernel: cpu 0 cold: high 62, batch 15 used:14
Nov  5 17:30:27 twiki kernel: Node 0 Normal per-cpu: empty
Nov  5 17:30:27 twiki kernel: Node 0 HighMem per-cpu: empty
Nov  5 17:30:27 twiki kernel: Free pages:        6972kB (0kB HighMem)
Nov  5 17:30:27 twiki kernel: Active:231866 inactive:470 dirty:0 writeback:0 unstable:0 free:1743 slab:5094 mapped-file:997 mapped-anon:232606 pagetables:10489
Nov  5 17:30:27 twiki kernel: Node 0 DMA free:2964kB min:36kB low:44kB high:52kB active:0kB inactive:0kB present:9668kB pages_scanned:0 all_unreclaimable? yes
Nov  5 17:30:27 twiki kernel: lowmem_reserve[]: 0 994 994 994
Nov  5 17:30:27 twiki kernel: Node 0 DMA32 free:4008kB min:4012kB low:5012kB high:6016kB active:927464kB inactive:1880kB present:1018072kB pages_scanned:395638 all_unreclaimable? no
Nov  5 17:30:27 twiki kernel: lowmem_reserve[]: 0 0 0 0
Nov  5 17:30:27 twiki kernel: Node 0 Normal free:0kB min:0kB low:0kB high:0kB active:0kB inactive:0kB present:0kB pages_scanned:0 all_unreclaimable? no
Nov  5 17:30:27 twiki kernel: lowmem_reserve[]: 0 0 0 0
Nov  5 17:30:27 twiki kernel: Node 0 HighMem free:0kB min:128kB low:128kB high:128kB active:0kB inactive:0kB present:0kB pages_scanned:0 all_unreclaimable? no
Nov  5 17:30:27 twiki kernel: lowmem_reserve[]: 0 0 0 0
Nov  5 17:30:27 twiki kernel: Node 0 DMA: 5*4kB 4*8kB 4*16kB 3*32kB 3*64kB 2*128kB 1*256kB 0*512kB 2*1024kB 0*2048kB 0*4096kB = 2964kB
Nov  5 17:30:27 twiki kernel: Node 0 DMA32: 12*4kB 9*8kB 1*16kB 1*32kB 0*64kB 0*128kB 1*256kB 1*512kB 1*1024kB 1*2048kB 0*4096kB = 4008kB
Nov  5 17:30:27 twiki kernel: Node 0 Normal: empty
Nov  5 17:30:27 twiki kernel: Node 0 HighMem: empty
Nov  5 17:30:27 twiki kernel: 1234 pagecache pages
Nov  5 17:30:27 twiki kernel: Swap cache: add 0, delete 0, find 0/0, race 0+0
Nov  5 17:30:27 twiki kernel: Free swap  = 0kB
Nov  5 17:30:27 twiki kernel: Total swap = 0kB
Nov  5 17:30:27 twiki kernel: Free swap:            0kB
Nov  5 17:30:27 twiki kernel: 262141 pages of RAM
Nov  5 17:30:27 twiki kernel: 5616 reserved pages
Nov  5 17:30:27 twiki kernel: 80233 pages shared
Nov  5 17:30:27 twiki kernel: 0 pages swap cached
Nov  5 17:30:50 twiki kernel: sshd invoked oom-killer: gfp_mask=0x201d2, order=0, oomkilladj=0
Nov  5 17:30:50 twiki kernel:
Nov  5 17:30:50 twiki kernel: Call Trace:
Nov  5 17:30:50 twiki kernel: [<ffffffff800cb641>] out_of_memory+0x8e/0x2f3
Nov  5 17:30:50 twiki kernel: [<ffffffff800a3fa2>] autoremove_wake_function+0x0/0x2e
Nov  5 17:30:50 twiki kernel: [<ffffffff8000f6a2>] __alloc_pages+0x27f/0x308
Nov  5 17:30:50 twiki kernel: [<ffffffff80013085>] __do_page_cache_readahead+0x96/0x17b
Nov  5 17:30:50 twiki kernel: [<ffffffff800139c6>] filemap_nopage+0x14c/0x360
Nov  5 17:30:50 twiki kernel: [<ffffffff80008972>] __handle_mm_fault+0x1fd/0x103b
Nov  5 17:30:50 twiki kernel: [<ffffffff800671ae>] do_page_fault+0x499/0x842
Nov  5 17:30:51 twiki kernel: [<ffffffff8001d3d4>] vma_link+0xd0/0xfd
Nov  5 17:30:51 twiki kernel: [<ffffffff8000e313>] do_mmap_pgoff+0x652/0x7bd
Nov  5 17:30:51 twiki kernel: [<ffffffff8005ddf9>] error_exit+0x0/0x84
Nov  5 17:30:51 twiki kernel:
Nov  5 17:30:51 twiki kernel: Mem-info:
Nov  5 17:30:51 twiki kernel: Node 0 DMA per-cpu:
Nov  5 17:30:51 twiki kernel: cpu 0 hot: high 0, batch 1 used:0
Nov  5 17:30:51 twiki kernel: cpu 0 cold: high 0, batch 1 used:0
Nov  5 17:30:51 twiki kernel: Node 0 DMA32 per-cpu:
Nov  5 17:30:51 twiki kernel: cpu 0 hot: high 186, batch 31 used:82
Nov  5 17:30:51 twiki kernel: cpu 0 cold: high 62, batch 15 used:59
Nov  5 17:30:51 twiki kernel: Node 0 Normal per-cpu: empty
Nov  5 17:30:51 twiki kernel: Node 0 HighMem per-cpu: empty
Nov  5 17:30:51 twiki kernel: Free pages:        6964kB (0kB HighMem)
Nov  5 17:30:51 twiki kernel: Active:232625 inactive:1024 dirty:0 writeback:0 unstable:0 free:1741 slab:5117 mapped-file:988 mapped-anon:232530 pagetables:10512
Nov  5 17:30:51 twiki kernel: Node 0 DMA free:2964kB min:36kB low:44kB high:52kB active:0kB inactive:0kB present:9668kB pages_scanned:0 all_unreclaimable? yes
Nov  5 17:30:51 twiki kernel: lowmem_reserve[]: 0 994 994 994
Nov  5 17:30:51 twiki kernel: Node 0 DMA32 free:4000kB min:4012kB low:5012kB high:6016kB active:930500kB inactive:4096kB present:1018072kB pages_scanned:1475530 all_unreclaimable? yes
Nov  5 17:30:51 twiki kernel: lowmem_reserve[]: 0 0 0 0
Nov  5 17:30:51 twiki kernel: Node 0 Normal free:0kB min:0kB low:0kB high:0kB active:0kB inactive:0kB present:0kB pages_scanned:0 all_unreclaimable? no
Nov  5 17:30:51 twiki kernel: lowmem_reserve[]: 0 0 0 0
Nov  5 17:30:51 twiki kernel: Node 0 HighMem free:0kB min:128kB low:128kB high:128kB active:0kB inactive:0kB present:0kB pages_scanned:0 all_unreclaimable? no
Nov  5 17:30:51 twiki kernel: lowmem_reserve[]: 0 0 0 0
Nov  5 17:30:51 twiki kernel: Node 0 DMA: 5*4kB 4*8kB 4*16kB 3*32kB 3*64kB 2*128kB 1*256kB 0*512kB 2*1024kB 0*2048kB 0*4096kB = 2964kB
Nov  5 17:30:51 twiki kernel: Node 0 DMA32: 6*4kB 5*8kB 4*16kB 1*32kB 0*64kB 0*128kB 1*256kB 1*512kB 1*1024kB 1*2048kB 0*4096kB = 4000kB
Nov  5 17:30:51 twiki kernel: Node 0 Normal: empty
Nov  5 17:30:51 twiki kernel: Node 0 HighMem: empty
Nov  5 17:30:51 twiki kernel: 1217 pagecache pages
Nov  5 17:30:51 twiki kernel: Swap cache: add 0, delete 0, find 0/0, race 0+0
Nov  5 17:30:51 twiki kernel: Free swap  = 0kB
Nov  5 17:30:51 twiki kernel: Total swap = 0kB
Nov  5 17:30:51 twiki kernel: Free swap:            0kB
Nov  5 17:30:51 twiki kernel: 262141 pages of RAM
Nov  5 17:30:51 twiki kernel: 5616 reserved pages
Nov  5 17:30:51 twiki kernel: 80537 pages shared
Nov  5 17:30:51 twiki kernel: 0 pages swap cached
Nov  5 17:30:51 twiki kernel: httpd invoked oom-killer: gfp_mask=0x201d2, order=0, oomkilladj=0
Nov  5 17:30:51 twiki kernel:
Nov  5 17:30:51 twiki kernel: Call Trace:
Nov  5 17:30:51 twiki kernel: [<ffffffff800cb641>] out_of_memory+0x8e/0x2f3
Nov  5 17:30:51 twiki kernel: [<ffffffff8000f6a2>] __alloc_pages+0x27f/0x308
Nov  5 17:30:51 twiki kernel: [<ffffffff80013085>] __do_page_cache_readahead+0x96/0x17b
Nov  5 17:30:51 twiki kernel: [<ffffffff800139c6>] filemap_nopage+0x14c/0x360
Nov  5 17:30:51 twiki kernel: [<ffffffff80008972>] __handle_mm_fault+0x1fd/0x103b
Nov  5 17:30:51 twiki kernel: [<ffffffff8000cf68>] do_sync_read+0xc7/0x104
Nov  5 17:30:51 twiki kernel: [<ffffffff800671ae>] do_page_fault+0x499/0x842
Nov  5 17:30:51 twiki kernel: [<ffffffff800a3fa2>] autoremove_wake_function+0x0/0x2e
Nov  5 17:30:51 twiki kernel: [<ffffffff80063002>] thread_return+0x62/0xfe
Nov  5 17:30:51 twiki kernel: [<ffffffff8005ddf9>] error_exit+0x0/0x84
Nov  5 17:30:51 twiki kernel:
Nov  5 17:30:51 twiki kernel: Mem-info:
Nov  5 17:30:51 twiki kernel: Node 0 DMA per-cpu:
Nov  5 17:30:51 twiki kernel: cpu 0 hot: high 0, batch 1 used:0
Nov  5 17:30:51 twiki kernel: cpu 0 cold: high 0, batch 1 used:0
Nov  5 17:30:51 twiki kernel: Node 0 DMA32 per-cpu:
Nov  5 17:30:51 twiki kernel: cpu 0 hot: high 186, batch 31 used:98
Nov  5 17:30:51 twiki kernel: cpu 0 cold: high 62, batch 15 used:59
Nov  5 17:30:51 twiki kernel: Node 0 Normal per-cpu: empty
Nov  5 17:30:51 twiki kernel: Node 0 HighMem per-cpu: empty
Nov  5 17:30:51 twiki kernel: Free pages:        6964kB (0kB HighMem)
Nov  5 17:30:51 twiki kernel: Active:233463 inactive:23 dirty:0 writeback:0 unstable:0 free:1741 slab:5100 mapped-file:985 mapped-anon:232530 pagetables:10512
Nov  5 17:30:51 twiki kernel: Node 0 DMA free:2964kB min:36kB low:44kB high:52kB active:0kB inactive:0kB present:9668kB pages_scanned:0 all_unreclaimable? yes
Nov  5 17:30:51 twiki kernel: lowmem_reserve[]: 0 994 994 994
Nov  5 17:30:51 twiki kernel: Node 0 DMA32 free:4000kB min:4012kB low:5012kB high:6016kB active:933852kB inactive:92kB present:1018072kB pages_scanned:24024973 all_unreclaimable? yes
Nov  5 17:30:51 twiki kernel: lowmem_reserve[]: 0 0 0 0
